Archive member included to satisfy reference by file (symbol)

c:/ac6/systemworkbench/plugins/fr.ac6.mcu.externaltools.arm-none.win32_1.13.1.201701261202/tools/compiler/bin/../lib/gcc/arm-none-eabi/5.4.1/armv7e-m/fpu\libgcc.a(_arm_addsubdf3.o)
                              Application/User/main.o (__aeabi_f2d)
c:/ac6/systemworkbench/plugins/fr.ac6.mcu.externaltools.arm-none.win32_1.13.1.201701261202/tools/compiler/bin/../lib/gcc/arm-none-eabi/5.4.1/../../../../arm-none-eabi/lib/armv7e-m/fpu\libc_nano.a(lib_a-exit.o)
                              c:/ac6/systemworkbench/plugins/fr.ac6.mcu.externaltools.arm-none.win32_1.13.1.201701261202/tools/compiler/bin/../lib/gcc/arm-none-eabi/5.4.1/../../../../arm-none-eabi/lib/armv7e-m/fpu/crt0.o (exit)
c:/ac6/systemworkbench/plugins/fr.ac6.mcu.externaltools.arm-none.win32_1.13.1.201701261202/tools/compiler/bin/../lib/gcc/arm-none-eabi/5.4.1/../../../../arm-none-eabi/lib/armv7e-m/fpu\libc_nano.a(lib_a-impure.o)
                              c:/ac6/systemworkbench/plugins/fr.ac6.mcu.externaltools.arm-none.win32_1.13.1.201701261202/tools/compiler/bin/../lib/gcc/arm-none-eabi/5.4.1/../../../../arm-none-eabi/lib/armv7e-m/fpu\libc_nano.a(lib_a-exit.o) (_global_impure_ptr)
c:/ac6/systemworkbench/plugins/fr.ac6.mcu.externaltools.arm-none.win32_1.13.1.201701261202/tools/compiler/bin/../lib/gcc/arm-none-eabi/5.4.1/../../../../arm-none-eabi/lib/armv7e-m/fpu\libc_nano.a(lib_a-init.o)
                              c:/ac6/systemworkbench/plugins/fr.ac6.mcu.externaltools.arm-none.win32_1.13.1.201701261202/tools/compiler/bin/../lib/gcc/arm-none-eabi/5.4.1/../../../../arm-none-eabi/lib/armv7e-m/fpu/crt0.o (__libc_init_array)
c:/ac6/systemworkbench/plugins/fr.ac6.mcu.externaltools.arm-none.win32_1.13.1.201701261202/tools/compiler/bin/../lib/gcc/arm-none-eabi/5.4.1/../../../../arm-none-eabi/lib/armv7e-m/fpu\libc_nano.a(lib_a-memset.o)
                              c:/ac6/systemworkbench/plugins/fr.ac6.mcu.externaltools.arm-none.win32_1.13.1.201701261202/tools/compiler/bin/../lib/gcc/arm-none-eabi/5.4.1/../../../../arm-none-eabi/lib/armv7e-m/fpu/crt0.o (memset)
c:/ac6/systemworkbench/plugins/fr.ac6.mcu.externaltools.arm-none.win32_1.13.1.201701261202/tools/compiler/bin/../lib/gcc/arm-none-eabi/5.4.1/../../../../arm-none-eabi/lib/armv7e-m/fpu\libc_nano.a(lib_a-nano-vfprintf_float.o)
                              (_printf_float)
c:/ac6/systemworkbench/plugins/fr.ac6.mcu.externaltools.arm-none.win32_1.13.1.201701261202/tools/compiler/bin/../lib/gcc/arm-none-eabi/5.4.1/../../../../arm-none-eabi/lib/armv7e-m/fpu\libc_nano.a(lib_a-nano-vfprintf_i.o)
                              c:/ac6/systemworkbench/plugins/fr.ac6.mcu.externaltools.arm-none.win32_1.13.1.201701261202/tools/compiler/bin/../lib/gcc/arm-none-eabi/5.4.1/../../../../arm-none-eabi/lib/armv7e-m/fpu\libc_nano.a(lib_a-nano-vfprintf_float.o) (_printf_common)
c:/ac6/systemworkbench/plugins/fr.ac6.mcu.externaltools.arm-none.win32_1.13.1.201701261202/tools/compiler/bin/../lib/gcc/arm-none-eabi/5.4.1/../../../../arm-none-eabi/lib/armv7e-m/fpu\libc_nano.a(lib_a-sprintf.o)
                              Application/User/main.o (sprintf)
c:/ac6/systemworkbench/plugins/fr.ac6.mcu.externaltools.arm-none.win32_1.13.1.201701261202/tools/compiler/bin/../lib/gcc/arm-none-eabi/5.4.1/../../../../arm-none-eabi/lib/armv7e-m/fpu\libc_nano.a(lib_a-strlen.o)
                              Application/User/main.o (strlen)
c:/ac6/systemworkbench/plugins/fr.ac6.mcu.externaltools.arm-none.win32_1.13.1.201701261202/tools/compiler/bin/../lib/gcc/arm-none-eabi/5.4.1/../../../../arm-none-eabi/lib/armv7e-m/fpu\libc_nano.a(lib_a-dtoa.o)
                              c:/ac6/systemworkbench/plugins/fr.ac6.mcu.externaltools.arm-none.win32_1.13.1.201701261202/tools/compiler/bin/../lib/gcc/arm-none-eabi/5.4.1/../../../../arm-none-eabi/lib/armv7e-m/fpu\libc_nano.a(lib_a-nano-vfprintf_float.o) (_dtoa_r)
c:/ac6/systemworkbench/plugins/fr.ac6.mcu.externaltools.arm-none.win32_1.13.1.201701261202/tools/compiler/bin/../lib/gcc/arm-none-eabi/5.4.1/../../../../arm-none-eabi/lib/armv7e-m/fpu\libc_nano.a(lib_a-localeconv.o)
                              c:/ac6/systemworkbench/plugins/fr.ac6.mcu.externaltools.arm-none.win32_1.13.1.201701261202/tools/compiler/bin/../lib/gcc/arm-none-eabi/5.4.1/../../../../arm-none-eabi/lib/armv7e-m/fpu\libc_nano.a(lib_a-nano-vfprintf_float.o) (_localeconv_r)
c:/ac6/systemworkbench/plugins/fr.ac6.mcu.externaltools.arm-none.win32_1.13.1.201701261202/tools/compiler/bin/../lib/gcc/arm-none-eabi/5.4.1/../../../../arm-none-eabi/lib/armv7e-m/fpu\libc_nano.a(lib_a-malloc.o)
                              c:/ac6/systemworkbench/plugins/fr.ac6.mcu.externaltools.arm-none.win32_1.13.1.201701261202/tools/compiler/bin/../lib/gcc/arm-none-eabi/5.4.1/../../../../arm-none-eabi/lib/armv7e-m/fpu\libc_nano.a(lib_a-dtoa.o) (malloc)
[...]
Memory Configuration

Name             Origin             Length             Attributes
RAM              0x20000000         0x00020000         xrw
CCMRAM           0x10000000         0x00010000         rw
FLASH            0x08000000         0x00100000         xr
*default*        0x00000000         0xffffffff

Linker script and memory map

LOAD c:/ac6/systemworkbench/plugins/fr.ac6.mcu.externaltools.arm-none.win32_1.13.1.201701261202/tools/compiler/bin/../lib/gcc/arm-none-eabi/5.4.1/armv7e-m/fpu/crti.o
LOAD c:/ac6/systemworkbench/plugins/fr.ac6.mcu.externaltools.arm-none.win32_1.13.1.201701261202/tools/compiler/bin/../lib/gcc/arm-none-eabi/5.4.1/armv7e-m/fpu/crtbegin.o
LOAD c:/ac6/systemworkbench/plugins/fr.ac6.mcu.externaltools.arm-none.win32_1.13.1.201701261202/tools/compiler/bin/../lib/gcc/arm-none-eabi/5.4.1/../../../../arm-none-eabi/lib/armv7e-m/fpu/crt0.o
LOAD c:/ac6/systemworkbench/plugins/fr.ac6.mcu.externaltools.arm-none.win32_1.13.1.201701261202/tools/compiler/bin/../lib/gcc/arm-none-eabi/5.4.1/../../../../arm-none-eabi/lib/armv7e-m/fpu\libm.a
LOAD Application/SW4STM32/startup_stm32f405xx.o
LOAD Application/User/main.o
LOAD Application/User/stm32f4xx_hal_msp.o
LOAD Application/User/stm32f4xx_it.o
LOAD Drivers/CMSIS/system_stm32f4xx.o
LOAD Drivers/STM32F4xx_HAL_Driver/stm32f4xx_hal.o
LOAD Drivers/STM32F4xx_HAL_Driver/stm32f4xx_hal_cortex.o
LOAD Drivers/STM32F4xx_HAL_Driver/stm32f4xx_hal_dma.o
LOAD Drivers/STM32F4xx_HAL_Driver/stm32f4xx_hal_dma_ex.o
LOAD Drivers/STM32F4xx_HAL_Driver/stm32f4xx_hal_flash.o
LOAD Drivers/STM32F4xx_HAL_Driver/stm32f4xx_hal_flash_ex.o
LOAD Drivers/STM32F4xx_HAL_Driver/stm32f4xx_hal_flash_ramfunc.o
LOAD Drivers/STM32F4xx_HAL_Driver/stm32f4xx_hal_gpio.o
LOAD Drivers/STM32F4xx_HAL_Driver/stm32f4xx_hal_pwr.o
LOAD Drivers/STM32F4xx_HAL_Driver/stm32f4xx_hal_pwr_ex.o
LOAD Drivers/STM32F4xx_HAL_Driver/stm32f4xx_hal_rcc.o
LOAD Drivers/STM32F4xx_HAL_Driver/stm32f4xx_hal_rcc_ex.o
LOAD Drivers/STM32F4xx_HAL_Driver/stm32f4xx_hal_spi.o
LOAD Drivers/STM32F4xx_HAL_Driver/stm32f4xx_hal_tim.o
LOAD Drivers/STM32F4xx_HAL_Driver/stm32f4xx_hal_tim_ex.o
LOAD Drivers/STM32F4xx_HAL_Driver/stm32f4xx_hal_uart.o
START GROUP
LOAD c:/ac6/systemworkbench/plugins/fr.ac6.mcu.externaltools.arm-none.win32_1.13.1.201701261202/tools/compiler/bin/../lib/gcc/arm-none-eabi/5.4.1/armv7e-m/fpu\libgcc.a
LOAD c:/ac6/systemworkbench/plugins/fr.ac6.mcu.externaltools.arm-none.win32_1.13.1.201701261202/tools/compiler/bin/../lib/gcc/arm-none-eabi/5.4.1/../../../../arm-none-eabi/lib/armv7e-m/fpu\libc_nano.a
END GROUP
START GROUP
LOAD c:/ac6/systemworkbench/plugins/fr.ac6.mcu.externaltools.arm-none.win32_1.13.1.201701261202/tools/compiler/bin/../lib/gcc/arm-none-eabi/5.4.1/armv7e-m/fpu\libgcc.a
LOAD c:/ac6/systemworkbench/plugins/fr.ac6.mcu.externaltools.arm-none.win32_1.13.1.201701261202/tools/compiler/bin/../lib/gcc/arm-none-eabi/5.4.1/../../../../arm-none-eabi/lib/armv7e-m/fpu\libc_nano.a
LOAD c:/ac6/systemworkbench/plugins/fr.ac6.mcu.externaltools.arm-none.win32_1.13.1.201701261202/tools/compiler/bin/../lib/gcc/arm-none-eabi/5.4.1/../../../../arm-none-eabi/lib/armv7e-m/fpu\libnosys.a
END GROUP
START GROUP
LOAD c:/ac6/systemworkbench/plugins/fr.ac6.mcu.externaltools.arm-none.win32_1.13.1.201701261202/tools/compiler/bin/../lib/gcc/arm-none-eabi/5.4.1/armv7e-m/fpu\libgcc.a
LOAD c:/ac6/systemworkbench/plugins/fr.ac6.mcu.externaltools.arm-none.win32_1.13.1.201701261202/tools/compiler/bin/../lib/gcc/arm-none-eabi/5.4.1/../../../../arm-none-eabi/lib/armv7e-m/fpu\libc_nano.a
LOAD c:/ac6/systemworkbench/plugins/fr.ac6.mcu.externaltools.arm-none.win32_1.13.1.201701261202/tools/compiler/bin/../lib/gcc/arm-none-eabi/5.4.1/../../../../arm-none-eabi/lib/armv7e-m/fpu\libnosys.a
END GROUP
LOAD c:/ac6/systemworkbench/plugins/fr.ac6.mcu.externaltools.arm-none.win32_1.13.1.201701261202/tools/compiler/bin/../lib/gcc/arm-none-eabi/5.4.1/armv7e-m/fpu/crtend.o
LOAD c:/ac6/systemworkbench/plugins/fr.ac6.mcu.externaltools.arm-none.win32_1.13.1.201701261202/tools/compiler/bin/../lib/gcc/arm-none-eabi/5.4.1/armv7e-m/fpu/crtn.o
                0x20020000                _estack = 0x20020000
                0x00000200                _Min_Heap_Size = 0x200
                0x00000400                _Min_Stack_Size = 0x400

.isr_vector     0x08000000      0x188
                0x08000000                . = ALIGN (0x4)
 *(.isr_vector)
 .isr_vector    0x08000000      0x188 Application/SW4STM32/startup_stm32f405xx.o
                0x08000000                g_pfnVectors
                0x08000188                . = ALIGN (0x4)

.text           0x08000190     0x45b4
                0x08000190                . = ALIGN (0x4)
 *(.text)
 .text          0x08000190       0x5c c:/ac6/systemworkbench/plugins/fr.ac6.mcu.externaltools.arm-none.win32_1.13.1.201701261202/tools/compiler/bin/../lib/gcc/arm-none-eabi/5.4.1/armv7e-m/fpu/crtbegin.o
 .text          0x080001ec      0x370 c:/ac6/systemworkbench/plugins/fr.ac6.mcu.externaltools.arm-none.win32_1.13.1.201701261202/tools/compiler/bin/../lib/gcc/arm-none-eabi/5.4.1/armv7e-m/fpu\libgcc.a(_arm_addsubdf3.o)
                0x080001ec                __aeabi_drsub
                0x080001f4                __aeabi_dsub
                0x080001f4                __subdf3
                0x080001f8                __aeabi_dadd
                0x080001f8                __adddf3
                0x08000470                __floatunsidf
                0x08000470                __aeabi_ui2d
                0x08000490                __floatsidf
                0x08000490                __aeabi_i2d
                0x080004b4                __aeabi_f2d
                0x080004b4                __extendsfdf2
                0x080004f0                __floatundidf
                0x080004f0                __aeabi_ul2d
                0x08000500                __floatdidf
                0x08000500                __aeabi_l2d
 .text          0x0800055c       0x10 c:/ac6/systemworkbench/plugins/fr.ac6.mcu.externaltools.arm-none.win32_1.13.1.201701261202/tools/compiler/bin/../lib/gcc/arm-none-eabi/5.4.1/../../../../arm-none-eabi/lib/armv7e-m/fpu\libc_nano.a(lib_a-strlen.o)
                0x0800055c                strlen
 *fill*         0x0800056c        0x4 
 .text          0x08000570       0xa0 c:/ac6/systemworkbench/plugins/fr.ac6.mcu.externaltools.arm-none.win32_1.13.1.201701261202/tools/compiler/bin/../lib/gcc/arm-none-eabi/5.4.1/../../../../arm-none-eabi/lib/armv7e-m/fpu\libc_nano.a(lib_a-memchr.o)
                0x08000570                memchr
 .text          0x08000610      0x424 c:/ac6/systemworkbench/plugins/fr.ac6.mcu.externaltools.arm-none.win32_1.13.1.201701261202/tools/compiler/bin/../lib/gcc/arm-none-eabi/5.4.1/armv7e-m/fpu\libgcc.a(_arm_muldivdf3.o)
                0x08000610                __aeabi_dmul
                0x08000610                __muldf3
                0x08000864                __divdf3
                0x08000864                __aeabi_ddiv
 .text          0x08000a34      0x110 c:/ac6/systemworkbench/plugins/fr.ac6.mcu.externaltools.arm-none.win32_1.13.1.201701261202/tools/compiler/bin/../lib/gcc/arm-none-eabi/5.4.1/armv7e-m/fpu\libgcc.a(_arm_cmpdf2.o)
                0x08000a34                __gtdf2
                0x08000a34                __gedf2
                0x08000a3c                __ltdf2
                0x08000a3c                __ledf2
                0x08000a44                __nedf2
                0x08000a44                __eqdf2
                0x08000a44                __cmpdf2
                0x08000ac0                __aeabi_cdrcmple
                0x08000ad0                __aeabi_cdcmpeq
                0x08000ad0                __aeabi_cdcmple
                0x08000ae0                __aeabi_dcmpeq
                0x08000af4                __aeabi_dcmplt
                0x08000b08                __aeabi_dcmple
                0x08000b1c                __aeabi_dcmpge
                0x08000b30                __aeabi_dcmpgt
 .text          0x08000b44       0x2c c:/ac6/systemworkbench/plugins/fr.ac6.mcu.externaltools.arm-none.win32_1.13.1.201701261202/tools/compiler/bin/../lib/gcc/arm-none-eabi/5.4.1/armv7e-m/fpu\libgcc.a(_arm_unorddf2.o)
                0x08000b44                __unorddf2
                0x08000b44                __aeabi_dcmpun
 .text          0x08000b70       0x50 c:/ac6/systemworkbench/plugins/fr.ac6.mcu.externaltools.arm-none.win32_1.13.1.201701261202/tools/compiler/bin/../lib/gcc/arm-none-eabi/5.4.1/armv7e-m/fpu\libgcc.a(_arm_fixdfsi.o)
                0x08000b70                __aeabi_d2iz
                0x08000b70                __fixdfsi
 *(.text*)
 .text.Reset_Handler
                0x08000bc0       0x50 Application/SW4STM32/startup_stm32f405xx.o
                0x08000bc0                Reset_Handler
 .text.Default_Handler
                0x08000c10        0x2 Application/SW4STM32/startup_stm32f405xx.o
                0x08000c10                RTC_Alarm_IRQHandler
                0x08000c10                HASH_RNG_IRQHandler
                0x08000c10                EXTI2_IRQHandler
                0x08000c10                TIM8_CC_IRQHandler
                0x08000c10                TIM1_CC_IRQHandler
                0x08000c10                DMA2_Stream5_IRQHandler
                0x08000c10                DMA1_Stream5_IRQHandler
                0x08000c10                PVD_IRQHandler
                0x08000c10                SDIO_IRQHandler
                0x08000c10                TAMP_STAMP_IRQHandler
                0x08000c10                CAN2_RX1_IRQHandler
                0x08000c10                EXTI3_IRQHandler
                0x08000c10                TIM8_TRG_COM_TIM14_IRQHandler
                0x08000c10                TIM1_UP_TIM10_IRQHandler
                0x08000c10                TIM8_UP_TIM13_IRQHandler
                0x08000c10                I2C3_ER_IRQHandler
                0x08000c10                EXTI0_IRQHandler
                0x08000c10                I2C2_EV_IRQHandler
                0x08000c10                DMA1_Stream2_IRQHandler
                0x08000c10                CAN1_RX0_IRQHandler
                0x08000c10                FPU_IRQHandler
                0x08000c10                OTG_HS_WKUP_IRQHandler
                0x08000c10                CAN2_SCE_IRQHandler
                0x08000c10                DMA2_Stream2_IRQHandler
                0x08000c10                SPI1_IRQHandler
                0x08000c10                TIM6_DAC_IRQHandler
                0x08000c10                TIM1_BRK_TIM9_IRQHandler
                0x08000c10                CAN2_RX0_IRQHandler
                0x08000c10                DMA2_Stream3_IRQHandler
                0x08000c10                USART6_IRQHandler
                0x08000c10                USART3_IRQHandler
                0x08000c10                CAN1_RX1_IRQHandler
                0x08000c10                UART5_IRQHandler
                0x08000c10                DMA2_Stream0_IRQHandler
                0x08000c10                TIM4_IRQHandler
                0x08000c10                I2C1_EV_IRQHandler
                0x08000c10                DMA1_Stream6_IRQHandler
                0x08000c10                DMA1_Stream1_IRQHandler
                0x08000c10                UART4_IRQHandler
                0x08000c10                TIM3_IRQHandler
                0x08000c10                RCC_IRQHandler
                0x08000c10                TIM8_BRK_TIM12_IRQHandler
                0x08000c10                Default_Handler
                0x08000c10                EXTI15_10_IRQHandler
                0x08000c10                ADC_IRQHandler
                0x08000c10                DMA1_Stream7_IRQHandler
                0x08000c10                TIM7_IRQHandler
                0x08000c10                CAN2_TX_IRQHandler
                0x08000c10                TIM5_IRQHandler
                0x08000c10                DMA2_Stream7_IRQHandler
                0x08000c10                I2C3_EV_IRQHandler
                0x08000c10                EXTI9_5_IRQHandler
                0x08000c10                RTC_WKUP_IRQHandler
                0x08000c10                SPI2_IRQHandler
                0x08000c10                OTG_HS_EP1_IN_IRQHandler
                0x08000c10                DMA1_Stream0_IRQHandler
                0x08000c10                CAN1_TX_IRQHandler
                0x08000c10                EXTI4_IRQHandler
                0x08000c10                FSMC_IRQHandler
                0x08000c10                OTG_HS_EP1_OUT_IRQHandler
                0x08000c10                WWDG_IRQHandler
                0x08000c10                TIM2_IRQHandler
                0x08000c10                OTG_FS_WKUP_IRQHandler
                0x08000c10                TIM1_TRG_COM_TIM11_IRQHandler
                0x08000c10                OTG_HS_IRQHandler
                0x08000c10                EXTI1_IRQHandler
                0x08000c10                USART2_IRQHandler
                0x08000c10                I2C2_ER_IRQHandler
                0x08000c10                DMA2_Stream1_IRQHandler
                0x08000c10                CAN1_SCE_IRQHandler
                0x08000c10                FLASH_IRQHandler
                0x08000c10                DMA2_Stream4_IRQHandler
                0x08000c10                USART1_IRQHandler
                0x08000c10                OTG_FS_IRQHandler
                0x08000c10                SPI3_IRQHandler
                0x08000c10                DMA1_Stream4_IRQHandler
                0x08000c10                I2C1_ER_IRQHandler
                0x08000c10                DMA2_Stream6_IRQHandler
                0x08000c10                DMA1_Stream3_IRQHandler
 *fill*         0x08000c12        0x2 
 .text.MX_GPIO_Init
                0x08000c14       0x98 Application/User/main.o
 .text.Error_Handler
                0x08000cac        0x4 Application/User/main.o
                0x08000cac                Error_Handler
 .text.MX_UART5_Init
                0x08000cb0       0x34 Application/User/main.o
 .text.MX_SPI1_Init
                0x08000ce4       0x40 Application/User/main.o
 .text.SystemClock_Config
                0x08000d24       0xb8 Application/User/main.o
                0x08000d24                SystemClock_Config
 .text.main     0x08000ddc      0x170 Application/User/main.o
                0x08000ddc                main
 .text.HAL_MspInit
                0x08000f4c       0x60 Application/User/stm32f4xx_hal_msp.o
                0x08000f4c                HAL_MspInit
 .text.HAL_SPI_MspInit
                0x08000fac       0x50 Application/User/stm32f4xx_hal_msp.o
                0x08000fac                HAL_SPI_MspInit
 .text.HAL_UART_MspInit
                0x08000ffc       0x70 Application/User/stm32f4xx_hal_msp.o
                0x08000ffc                HAL_UART_MspInit
 .text.NMI_Handler
                0x0800106c        0x4 Application/User/stm32f4xx_it.o
                0x0800106c                NMI_Handler
 .text.HardFault_Handler
                0x08001070        0x4 Application/User/stm32f4xx_it.o
                0x08001070                HardFault_Handler
 .text.MemManage_Handler
                0x08001074        0x4 Application/User/stm32f4xx_it.o
                0x08001074                MemManage_Handler
 .text.BusFault_Handler
                0x08001078        0x4 Application/User/stm32f4xx_it.o
                0x08001078                BusFault_Handler
 .text.UsageFault_Handler
                0x0800107c        0x4 Application/User/stm32f4xx_it.o
                0x0800107c                UsageFault_Handler
 .text.SVC_Handler
                0x08001080        0x4 Application/User/stm32f4xx_it.o
                0x08001080                SVC_Handler
 .text.DebugMon_Handler
                0x08001084        0x4 Application/User/stm32f4xx_it.o
                0x08001084                DebugMon_Handler
 .text.PendSV_Handler
                0x08001088        0x4 Application/User/stm32f4xx_it.o
                0x08001088                PendSV_Handler
 .text.SysTick_Handler
                0x0800108c        0xc Application/User/stm32f4xx_it.o
                0x0800108c                SysTick_Handler
 .text.SystemInit
                0x08001098       0x4c Drivers/CMSIS/system_stm32f4xx.o
                0x08001098                SystemInit
 .text.HAL_InitTick
                0x080010e4       0x2c Drivers/STM32F4xx_HAL_Driver/stm32f4xx_hal.o
                0x080010e4                HAL_InitTick
 .text.HAL_Init
                0x08001110       0x34 Drivers/STM32F4xx_HAL_Driver/stm32f4xx_hal.o
                0x08001110                HAL_Init
 .text.HAL_IncTick
                0x08001144       0x10 Drivers/STM32F4xx_HAL_Driver/stm32f4xx_hal.o
                0x08001144                HAL_IncTick
 .text.HAL_GetTick
                0x08001154        0xc Drivers/STM32F4xx_HAL_Driver/stm32f4xx_hal.o
                0x08001154                HAL_GetTick
 .text.HAL_Delay
                0x08001160       0x24 Drivers/STM32F4xx_HAL_Driver/stm32f4xx_hal.o
                0x08001160                HAL_Delay
 .text.HAL_NVIC_SetPriorityGrouping
                0x08001184       0x24 Drivers/STM32F4xx_HAL_Driver/stm32f4xx_hal_cortex.o
                0x08001184                HAL_NVIC_SetPriorityGrouping
 .text.HAL_NVIC_SetPriority
                0x080011a8       0x64 Drivers/STM32F4xx_HAL_Driver/stm32f4xx_hal_cortex.o
                0x080011a8                HAL_NVIC_SetPriority
 .text.HAL_SYSTICK_Config
                0x0800120c       0x2c Drivers/STM32F4xx_HAL_Driver/stm32f4xx_hal_cortex.o
                0x0800120c                HAL_SYSTICK_Config
 .text.HAL_SYSTICK_CLKSourceConfig
                0x08001238       0x20 Drivers/STM32F4xx_HAL_Driver/stm32f4xx_hal_cortex.o
                0x08001238                HAL_SYSTICK_CLKSourceConfig
 .text.HAL_SYSTICK_Callback
                0x08001258        0x4 Drivers/STM32F4xx_HAL_Driver/stm32f4xx_hal_cortex.o
                0x08001258                HAL_SYSTICK_Callback
 .text.HAL_SYSTICK_IRQHandler
                0x0800125c        0x8 Drivers/STM32F4xx_HAL_Driver/stm32f4xx_hal_cortex.o
                0x0800125c                HAL_SYSTICK_IRQHandler
 .text.HAL_GPIO_Init
                0x08001264      0x1c0 Drivers/STM32F4xx_HAL_Driver/stm32f4xx_hal_gpio.o
                0x08001264                HAL_GPIO_Init
 .text.HAL_GPIO_WritePin
                0x08001424        0xc Drivers/STM32F4xx_HAL_Driver/stm32f4xx_hal_gpio.o
                0x08001424                HAL_GPIO_WritePin
 .text.HAL_RCC_OscConfig
                0x08001430      0x3c8 Drivers/STM32F4xx_HAL_Driver/stm32f4xx_hal_rcc.o
                0x08001430                HAL_RCC_OscConfig
 .text.HAL_RCC_GetSysClockFreq
                0x080017f8       0xa4 Drivers/STM32F4xx_HAL_Driver/stm32f4xx_hal_rcc.o
                0x080017f8                HAL_RCC_GetSysClockFreq
 .text.HAL_RCC_ClockConfig
                0x0800189c      0x1b0 Drivers/STM32F4xx_HAL_Driver/stm32f4xx_hal_rcc.o
                0x0800189c                HAL_RCC_ClockConfig
 .text.HAL_RCC_GetHCLKFreq
                0x08001a4c        0xc Drivers/STM32F4xx_HAL_Driver/stm32f4xx_hal_rcc.o
                0x08001a4c                HAL_RCC_GetHCLKFreq
 .text.HAL_RCC_GetPCLK1Freq
                0x08001a58       0x30 Drivers/STM32F4xx_HAL_Driver/stm32f4xx_hal_rcc.o
                0x08001a58                HAL_RCC_GetPCLK1Freq
 .text.HAL_RCC_GetPCLK2Freq
                0x08001a88       0x30 Drivers/STM32F4xx_HAL_Driver/stm32f4xx_hal_rcc.o
                0x08001a88                HAL_RCC_GetPCLK2Freq
 .text.SPI_WaitFlagStateUntilTimeout
                0x08001ab8       0x94 Drivers/STM32F4xx_HAL_Driver/stm32f4xx_hal_spi.o
 .text.SPI_CheckFlag_BSY
                0x08001b4c       0x28 Drivers/STM32F4xx_HAL_Driver/stm32f4xx_hal_spi.o
 .text.HAL_SPI_Init
                0x08001b74       0x84 Drivers/STM32F4xx_HAL_Driver/stm32f4xx_hal_spi.o
                0x08001b74                HAL_SPI_Init
 .text.HAL_SPI_Transmit
                0x08001bf8      0x1b0 Drivers/STM32F4xx_HAL_Driver/stm32f4xx_hal_spi.o
                0x08001bf8                HAL_SPI_Transmit
 .text.HAL_SPI_TransmitReceive
                0x08001da8      0x244 Drivers/STM32F4xx_HAL_Driver/stm32f4xx_hal_spi.o
                0x08001da8                HAL_SPI_TransmitReceive
 .text.HAL_SPI_Receive
                0x08001fec      0x16c Drivers/STM32F4xx_HAL_Driver/stm32f4xx_hal_spi.o
                0x08001fec                HAL_SPI_Receive
 .text.UART_SetConfig
                0x08002158      0x32c Drivers/STM32F4xx_HAL_Driver/stm32f4xx_hal_uart.o
 .text.UART_WaitOnFlagUntilTimeout
                0x08002484       0x68 Drivers/STM32F4xx_HAL_Driver/stm32f4xx_hal_uart.o
 .text.HAL_UART_Init
                0x080024ec       0x64 Drivers/STM32F4xx_HAL_Driver/stm32f4xx_hal_uart.o
                0x080024ec                HAL_UART_Init
 .text.HAL_UART_Transmit
                0x08002550       0xe4 Drivers/STM32F4xx_HAL_Driver/stm32f4xx_hal_uart.o
                0x08002550                HAL_UART_Transmit
 .text.__libc_init_array
                0x08002634       0x4c c:/ac6/systemworkbench/plugins/fr.ac6.mcu.externaltools.arm-none.win32_1.13.1.201701261202/tools/compiler/bin/../lib/gcc/arm-none-eabi/5.4.1/../../../../arm-none-eabi/lib/armv7e-m/fpu\libc_nano.a(lib_a-init.o)
                0x08002634                __libc_init_array
 .text.memset   0x08002680       0x10 c:/ac6/systemworkbench/plugins/fr.ac6.mcu.externaltools.arm-none.win32_1.13.1.201701261202/tools/compiler/bin/../lib/gcc/arm-none-eabi/5.4.1/../../../../arm-none-eabi/lib/armv7e-m/fpu\libc_nano.a(lib_a-memset.o)
                0x08002680                memset
 .text.__cvt    0x08002690       0xc8 c:/ac6/systemworkbench/plugins/fr.ac6.mcu.externaltools.arm-none.win32_1.13.1.201701261202/tools/compiler/bin/../lib/gcc/arm-none-eabi/5.4.1/../../../../arm-none-eabi/lib/armv7e-m/fpu\libc_nano.a(lib_a-nano-vfprintf_float.o)
                0x08002690                __cvt
 .text.__exponent
                0x08002758       0x60 c:/ac6/systemworkbench/plugins/fr.ac6.mcu.externaltools.arm-none.win32_1.13.1.201701261202/tools/compiler/bin/../lib/gcc/arm-none-eabi/5.4.1/../../../../arm-none-eabi/lib/armv7e-m/fpu\libc_nano.a(lib_a-nano-vfprintf_float.o)
                0x08002758                __exponent
 .text._printf_float
                0x080027b8      0x47c c:/ac6/systemworkbench/plugins/fr.ac6.mcu.externaltools.arm-none.win32_1.13.1.201701261202/tools/compiler/bin/../lib/gcc/arm-none-eabi/5.4.1/../../../../arm-none-eabi/lib/armv7e-m/fpu\libc_nano.a(lib_a-nano-vfprintf_float.o)
                0x080027b8                _printf_float
 .text._printf_common
                0x08002c34       0xec c:/ac6/systemworkbench/plugins/fr.ac6.mcu.externaltools.arm-none.win32_1.13.1.201701261202/tools/compiler/bin/../lib/gcc/arm-none-eabi/5.4.1/../../../../arm-none-eabi/lib/armv7e-m/fpu\libc_nano.a(lib_a-nano-vfprintf_i.o)
                0x08002c34                _printf_common
 .text._printf_i
                0x08002d20      0x24c c:/ac6/systemworkbench/plugins/fr.ac6.mcu.externaltools.arm-none.win32_1.13.1.201701261202/tools/compiler/bin/../lib/gcc/arm-none-eabi/5.4.1/../../../../arm-none-eabi/lib/armv7e-m/fpu\libc_nano.a(lib_a-nano-vfprintf_i.o)
                0x08002d20                _printf_i
 .text.sprintf  0x08002f6c       0x48 c:/ac6/systemworkbench/plugins/fr.ac6.mcu.externaltools.arm-none.win32_1.13.1.201701261202/tools/compiler/bin/../lib/gcc/arm-none-eabi/5.4.1/../../../../arm-none-eabi/lib/armv7e-m/fpu\libc_nano.a(lib_a-sprintf.o)
                0x08002f6c                siprintf
                0x08002f6c                sprintf
 .text.quorem   0x08002fb4      0x11e c:/ac6/systemworkbench/plugins/fr.ac6.mcu.externaltools.arm-none.win32_1.13.1.201701261202/tools/compiler/bin/../lib/gcc/arm-none-eabi/5.4.1/../../../../arm-none-eabi/lib/armv7e-m/fpu\libc_nano.a(lib_a-dtoa.o)
 *fill*         0x080030d2        0x6 
 .text._dtoa_r  0x080030d8      0xb40 c:/ac6/systemworkbench/plugins/fr.ac6.mcu.externaltools.arm-none.win32_1.13.1.201701261202/tools/compiler/bin/../lib/gcc/arm-none-eabi/5.4.1/../../../../arm-none-eabi/lib/armv7e-m/fpu\libc_nano.a(lib_a-dtoa.o)
                0x080030d8                _dtoa_r
 .text._localeconv_r
                0x08003c18       0x1c c:/ac6/systemworkbench/plugins/fr.ac6.mcu.externaltools.arm-none.win32_1.13.1.201701261202/tools/compiler/bin/../lib/gcc/arm-none-eabi/5.4.1/../../../../arm-none-eabi/lib/armv7e-m/fpu\libc_nano.a(lib_a-localeconv.o)
                0x08003c18                _localeconv_r
 .text.malloc   0x08003c34       0x10 c:/ac6/systemworkbench/plugins/fr.ac6.mcu.externaltools.arm-none.win32_1.13.1.201701261202/tools/compiler/bin/../lib/gcc/arm-none-eabi/5.4.1/../../../../arm-none-eabi/lib/armv7e-m/fpu\libc_nano.a(lib_a-malloc.o)
                0x08003c34                malloc
 .text.memcpy   0x08003c44       0x16 c:/ac6/systemworkbench/plugins/fr.ac6.mcu.externaltools.arm-none.win32_1.13.1.201701261202/tools/compiler/bin/../lib/gcc/arm-none-eabi/5.4.1/../../../../arm-none-eabi/lib/armv7e-m/fpu\libc_nano.a(lib_a-memcpy-stub.o)
                0x08003c44                memcpy
 .text._Balloc  0x08003c5a       0x6a c:/ac6/systemworkbench/plugins/fr.ac6.mcu.externaltools.arm-none.win32_1.13.1.201701261202/tools/compiler/bin/../lib/gcc/arm-none-eabi/5.4.1/../../../../arm-none-eabi/lib/armv7e-m/fpu\libc_nano.a(lib_a-mprec.o)
                0x08003c5a                _Balloc
 .text._Bfree   0x08003cc4       0x2e c:/ac6/systemworkbench/plugins/fr.ac6.mcu.externaltools.arm-none.win32_1.13.1.201701261202/tools/compiler/bin/../lib/gcc/arm-none-eabi/5.4.1/../../../../arm-none-eabi/lib/armv7e-m/fpu\libc_nano.a(lib_a-mprec.o)
                0x08003cc4                _Bfree
 .text.__multadd
                0x08003cf2       0x76 c:/ac6/systemworkbench/plugins/fr.ac6.mcu.externaltools.arm-none.win32_1.13.1.201701261202/tools/compiler/bin/../lib/gcc/arm-none-eabi/5.4.1/../../../../arm-none-eabi/lib/armv7e-m/fpu\libc_nano.a(lib_a-mprec.o)
                0x08003cf2                __multadd
 .text.__hi0bits
                0x08003d68       0x40 c:/ac6/systemworkbench/plugins/fr.ac6.mcu.externaltools.arm-none.win32_1.13.1.201701261202/tools/compiler/bin/../lib/gcc/arm-none-eabi/5.4.1/../../../../arm-none-eabi/lib/armv7e-m/fpu\libc_nano.a(lib_a-mprec.o)
                0x08003d68                __hi0bits
 .text.__lo0bits
                0x08003da8       0x5a c:/ac6/systemworkbench/plugins/fr.ac6.mcu.externaltools.arm-none.win32_1.13.1.201701261202/tools/compiler/bin/../lib/gcc/arm-none-eabi/5.4.1/../../../../arm-none-eabi/lib/armv7e-m/fpu\libc_nano.a(lib_a-mprec.o)
                0x08003da8                __lo0bits
 .text.__i2b    0x08003e02       0x12 c:/ac6/systemworkbench/plugins/fr.ac6.mcu.externaltools.arm-none.win32_1.13.1.201701261202/tools/compiler/bin/../lib/gcc/arm-none-eabi/5.4.1/../../../../arm-none-eabi/lib/armv7e-m/fpu\libc_nano.a(lib_a-mprec.o)
                0x08003e02                __i2b
 .text.__multiply
                0x08003e14      0x122 c:/ac6/systemworkbench/plugins/fr.ac6.mcu.externaltools.arm-none.win32_1.13.1.201701261202/tools/compiler/bin/../lib/gcc/arm-none-eabi/5.4.1/../../../../arm-none-eabi/lib/armv7e-m/fpu\libc_nano.a(lib_a-mprec.o)
                0x08003e14                __multiply
 *fill*         0x08003f36        0x2 
 .text.__pow5mult
                0x08003f38       0x9c c:/ac6/systemworkbench/plugins/fr.ac6.mcu.externaltools.arm-none.win32_1.13.1.201701261202/tools/compiler/bin/../lib/gcc/arm-none-eabi/5.4.1/../../../../arm-none-eabi/lib/armv7e-m/fpu\libc_nano.a(lib_a-mprec.o)
                0x08003f38                __pow5mult
 .text.__lshift
                0x08003fd4       0xa2 c:/ac6/systemworkbench/plugins/fr.ac6.mcu.externaltools.arm-none.win32_1.13.1.201701261202/tools/compiler/bin/../lib/gcc/arm-none-eabi/5.4.1/../../../../arm-none-eabi/lib/armv7e-m/fpu\libc_nano.a(lib_a-mprec.o)
                0x08003fd4                __lshift
 .text.__mcmp   0x08004076       0x38 c:/ac6/systemworkbench/plugins/fr.ac6.mcu.externaltools.arm-none.win32_1.13.1.201701261202/tools/compiler/bin/../lib/gcc/arm-none-eabi/5.4.1/../../../../arm-none-eabi/lib/armv7e-m/fpu\libc_nano.a(lib_a-mprec.o)
                0x08004076                __mcmp
 .text.__mdiff  0x080040ae       0xbe c:/ac6/systemworkbench/plugins/fr.ac6.mcu.externaltools.arm-none.win32_1.13.1.201701261202/tools/compiler/bin/../lib/gcc/arm-none-eabi/5.4.1/../../../../arm-none-eabi/lib/armv7e-m/fpu\libc_nano.a(lib_a-mprec.o)
                0x080040ae                __mdiff
 .text.__d2b    0x0800416c       0x9c c:/ac6/systemworkbench/plugins/fr.ac6.mcu.externaltools.arm-none.win32_1.13.1.201701261202/tools/compiler/bin/../lib/gcc/arm-none-eabi/5.4.1/../../../../arm-none-eabi/lib/armv7e-m/fpu\libc_nano.a(lib_a-mprec.o)
                0x0800416c                __d2b
 .text._calloc_r
                0x08004208       0x1c c:/ac6/systemworkbench/plugins/fr.ac6.mcu.externaltools.arm-none.win32_1.13.1.201701261202/tools/compiler/bin/../lib/gcc/arm-none-eabi/5.4.1/../../../../arm-none-eabi/lib/armv7e-m/fpu\libc_nano.a(lib_a-nano-callocr.o)
                0x08004208                _calloc_r
 .text._free_r  0x08004224       0x9c c:/ac6/systemworkbench/plugins/fr.ac6.mcu.externaltools.arm-none.win32_1.13.1.201701261202/tools/compiler/bin/../lib/gcc/arm-none-eabi/5.4.1/../../../../arm-none-eabi/lib/armv7e-m/fpu\libc_nano.a(lib_a-nano-freer.o)
                0x08004224                _free_r
 .text._malloc_r
                0x080042c0       0xbc c:/ac6/systemworkbench/plugins/fr.ac6.mcu.externaltools.arm-none.win32_1.13.1.201701261202/tools/compiler/bin/../lib/gcc/arm-none-eabi/5.4.1/../../../../arm-none-eabi/lib/armv7e-m/fpu\libc_nano.a(lib_a-nano-mallocr.o)
                0x080042c0                _malloc_r
 .text.__ssputs_r
                0x0800437c       0xb2 c:/ac6/systemworkbench/plugins/fr.ac6.mcu.externaltools.arm-none.win32_1.13.1.201701261202/tools/compiler/bin/../lib/gcc/arm-none-eabi/5.4.1/../../../../arm-none-eabi/lib/armv7e-m/fpu\libc_nano.a(lib_a-nano-svfprintf.o)
                0x0800437c                __ssputs_r
 *fill*         0x0800442e        0x2 
 .text._svfprintf_r
                0x08004430      0x1e8 c:/ac6/systemworkbench/plugins/fr.ac6.mcu.externaltools.arm-none.win32_1.13.1.201701261202/tools/compiler/bin/../lib/gcc/arm-none-eabi/5.4.1/../../../../arm-none-eabi/lib/armv7e-m/fpu\libc_nano.a(lib_a-nano-svfprintf.o)
                0x08004430                _svfiprintf_r
                0x08004430                _svfprintf_r
 .text._sbrk_r  0x08004618       0x20 c:/ac6/systemworkbench/plugins/fr.ac6.mcu.externaltools.arm-none.win32_1.13.1.201701261202/tools/compiler/bin/../lib/gcc/arm-none-eabi/5.4.1/../../../../arm-none-eabi/lib/armv7e-m/fpu\libc_nano.a(lib_a-sbrkr.o)
                0x08004618                _sbrk_r
 .text.__ascii_mbtowc
                0x08004638       0x24 c:/ac6/systemworkbench/plugins/fr.ac6.mcu.externaltools.arm-none.win32_1.13.1.201701261202/tools/compiler/bin/../lib/gcc/arm-none-eabi/5.4.1/../../../../arm-none-eabi/lib/armv7e-m/fpu\libc_nano.a(lib_a-mbtowc_r.o)
                0x08004638                __ascii_mbtowc
 .text.memmove  0x0800465c       0x36 c:/ac6/systemworkbench/plugins/fr.ac6.mcu.externaltools.arm-none.win32_1.13.1.201701261202/tools/compiler/bin/../lib/gcc/arm-none-eabi/5.4.1/../../../../arm-none-eabi/lib/armv7e-m/fpu\libc_nano.a(lib_a-memmove.o)
                0x0800465c                memmove
 .text.__malloc_lock
                0x08004692        0x2 c:/ac6/systemworkbench/plugins/fr.ac6.mcu.externaltools.arm-none.win32_1.13.1.201701261202/tools/compiler/bin/../lib/gcc/arm-none-eabi/5.4.1/../../../../arm-none-eabi/lib/armv7e-m/fpu\libc_nano.a(lib_a-mlock.o)
                0x08004692                __malloc_lock
 .text.__malloc_unlock
                0x08004694        0x2 c:/ac6/systemworkbench/plugins/fr.ac6.mcu.externaltools.arm-none.win32_1.13.1.201701261202/tools/compiler/bin/../lib/gcc/arm-none-eabi/5.4.1/../../../../arm-none-eabi/lib/armv7e-m/fpu\libc_nano.a(lib_a-mlock.o)
                0x08004694                __malloc_unlock
 .text._realloc_r
                0x08004696       0x4c c:/ac6/systemworkbench/plugins/fr.ac6.mcu.externaltools.arm-none.win32_1.13.1.201701261202/tools/compiler/bin/../lib/gcc/arm-none-eabi/5.4.1/../../../../arm-none-eabi/lib/armv7e-m/fpu\libc_nano.a(lib_a-nano-reallocr.o)
                0x08004696                _realloc_r
 .text.__ascii_wctomb
                0x080046e2       0x1a c:/ac6/systemworkbench/plugins/fr.ac6.mcu.externaltools.arm-none.win32_1.13.1.201701261202/tools/compiler/bin/../lib/gcc/arm-none-eabi/5.4.1/../../../../arm-none-eabi/lib/armv7e-m/fpu\libc_nano.a(lib_a-wctomb_r.o)
                0x080046e2                __ascii_wctomb
 .text._malloc_usable_size_r
                0x080046fc       0x14 c:/ac6/systemworkbench/plugins/fr.ac6.mcu.externaltools.arm-none.win32_1.13.1.201701261202/tools/compiler/bin/../lib/gcc/arm-none-eabi/5.4.1/../../../../arm-none-eabi/lib/armv7e-m/fpu\libc_nano.a(lib_a-nano-msizer.o)
                0x080046fc                _malloc_usable_size_r
 .text._sbrk    0x08004710       0x1c c:/ac6/systemworkbench/plugins/fr.ac6.mcu.externaltools.arm-none.win32_1.13.1.201701261202/tools/compiler/bin/../lib/gcc/arm-none-eabi/5.4.1/../../../../arm-none-eabi/lib/armv7e-m/fpu\libnosys.a(sbrk.o)
                0x08004710                _sbrk
 *(.glue_7)
 .glue_7        0x0800472c        0x0 linker stubs
 *(.glue_7t)
 .glue_7t       0x0800472c        0x0 linker stubs
 *(.eh_frame)
 .eh_frame      0x0800472c        0x0 c:/ac6/systemworkbench/plugins/fr.ac6.mcu.externaltools.arm-none.win32_1.13.1.201701261202/tools/compiler/bin/../lib/gcc/arm-none-eabi/5.4.1/armv7e-m/fpu/crtbegin.o
 *(.init)
 .init          0x0800472c        0x4 c:/ac6/systemworkbench/plugins/fr.ac6.mcu.externaltools.arm-none.win32_1.13.1.201701261202/tools/compiler/bin/../lib/gcc/arm-none-eabi/5.4.1/armv7e-m/fpu/crti.o
                0x0800472c                _init
 .init          0x08004730        0x8 c:/ac6/systemworkbench/plugins/fr.ac6.mcu.externaltools.arm-none.win32_1.13.1.201701261202/tools/compiler/bin/../lib/gcc/arm-none-eabi/5.4.1/armv7e-m/fpu/crtn.o
 *(.fini)
 .fini          0x08004738        0x4 c:/ac6/systemworkbench/plugins/fr.ac6.mcu.externaltools.arm-none.win32_1.13.1.201701261202/tools/compiler/bin/../lib/gcc/arm-none-eabi/5.4.1/armv7e-m/fpu/crti.o
                0x08004738                _fini
 .fini          0x0800473c        0x8 c:/ac6/systemworkbench/plugins/fr.ac6.mcu.externaltools.arm-none.win32_1.13.1.201701261202/tools/compiler/bin/../lib/gcc/arm-none-eabi/5.4.1/armv7e-m/fpu/crtn.o
                0x08004744                . = ALIGN (0x4)
                0x08004744                _etext = .

.vfp11_veneer   0x08004744        0x0
 .vfp11_veneer  0x08004744        0x0 linker stubs

.v4_bx          0x08004744        0x0
 .v4_bx         0x08004744        0x0 linker stubs

.iplt           0x08004744        0x0
 .iplt          0x08004744        0x0 c:/ac6/systemworkbench/plugins/fr.ac6.mcu.externaltools.arm-none.win32_1.13.1.201701261202/tools/compiler/bin/../lib/gcc/arm-none-eabi/5.4.1/armv7e-m/fpu/crtbegin.o

.rodata         0x08004748      0x288
                0x08004748                . = ALIGN (0x4)
 *(.rodata)
 .rodata        0x08004748       0x18 Drivers/CMSIS/system_stm32f4xx.o
                0x08004748                AHBPrescTable
                0x08004758                APBPrescTable
 *(.rodata*)
 .rodata.str1.4
                0x08004760       0x10 Application/User/main.o
                                  0xd (size before relaxing)
 .rodata.str1.1
                0x08004770       0x12 c:/ac6/systemworkbench/plugins/fr.ac6.mcu.externaltools.arm-none.win32_1.13.1.201701261202/tools/compiler/bin/../lib/gcc/arm-none-eabi/5.4.1/../../../../arm-none-eabi/lib/armv7e-m/fpu\libc_nano.a(lib_a-nano-vfprintf_float.o)
 .rodata.str1.1
                0x08004782       0x22 c:/ac6/systemworkbench/plugins/fr.ac6.mcu.externaltools.arm-none.win32_1.13.1.201701261202/tools/compiler/bin/../lib/gcc/arm-none-eabi/5.4.1/../../../../arm-none-eabi/lib/armv7e-m/fpu\libc_nano.a(lib_a-nano-vfprintf_i.o)
 .rodata.str1.1
                0x080047a4        0xd c:/ac6/systemworkbench/plugins/fr.ac6.mcu.externaltools.arm-none.win32_1.13.1.201701261202/tools/compiler/bin/../lib/gcc/arm-none-eabi/5.4.1/../../../../arm-none-eabi/lib/armv7e-m/fpu\libc_nano.a(lib_a-dtoa.o)
                                  0xf (size before relaxing)
 *fill*         0x080047b1        0x7 
 .rodata.__mprec_tens
                0x080047b8       0xc8 c:/ac6/systemworkbench/plugins/fr.ac6.mcu.externaltools.arm-none.win32_1.13.1.201701261202/tools/compiler/bin/../lib/gcc/arm-none-eabi/5.4.1/../../../../arm-none-eabi/lib/armv7e-m/fpu\libc_nano.a(lib_a-mprec.o)
                0x080047b8                __mprec_tens
 .rodata.__mprec_bigtens
                0x08004880       0x28 c:/ac6/systemworkbench/plugins/fr.ac6.mcu.externaltools.arm-none.win32_1.13.1.201701261202/tools/compiler/bin/../lib/gcc/arm-none-eabi/5.4.1/../../../../arm-none-eabi/lib/armv7e-m/fpu\libc_nano.a(lib_a-mprec.o)
                0x08004880                __mprec_bigtens
 .rodata.p05.6099
                0x080048a8        0xc c:/ac6/systemworkbench/plugins/fr.ac6.mcu.externaltools.arm-none.win32_1.13.1.201701261202/tools/compiler/bin/../lib/gcc/arm-none-eabi/5.4.1/../../../../arm-none-eabi/lib/armv7e-m/fpu\libc_nano.a(lib_a-mprec.o)
 .rodata.str1.1
                0x080048b4       0x11 c:/ac6/systemworkbench/plugins/fr.ac6.mcu.externaltools.arm-none.win32_1.13.1.201701261202/tools/compiler/bin/../lib/gcc/arm-none-eabi/5.4.1/../../../../arm-none-eabi/lib/armv7e-m/fpu\libc_nano.a(lib_a-nano-svfprintf.o)
 .rodata.str1.1
                0x080048c5        0xa c:/ac6/systemworkbench/plugins/fr.ac6.mcu.externaltools.arm-none.win32_1.13.1.201701261202/tools/compiler/bin/../lib/gcc/arm-none-eabi/5.4.1/../../../../arm-none-eabi/lib/armv7e-m/fpu\libc_nano.a(lib_a-locale.o)
                                  0xb (size before relaxing)
 .rodata._ctype_
                0x080048cf      0x101 c:/ac6/systemworkbench/plugins/fr.ac6.mcu.externaltools.arm-none.win32_1.13.1.201701261202/tools/compiler/bin/../lib/gcc/arm-none-eabi/5.4.1/../../../../arm-none-eabi/lib/armv7e-m/fpu\libc_nano.a(lib_a-ctype_.o)
                0x080048cf                _ctype_
                0x080049d0                . = ALIGN (0x4)

.rel.dyn        0x080049d0        0x0
 .rel.iplt      0x080049d0        0x0 c:/ac6/systemworkbench/plugins/fr.ac6.mcu.externaltools.arm-none.win32_1.13.1.201701261202/tools/compiler/bin/../lib/gcc/arm-none-eabi/5.4.1/armv7e-m/fpu/crtbegin.o

.ARM.extab
 *(.ARM.extab* .gnu.linkonce.armextab.*)

.ARM            0x080049d0        0x0
                0x080049d0                __exidx_start = .
 *(.ARM.exidx*)
                0x080049d0                __exidx_end = .

.preinit_array  0x080049d0        0x0
                0x080049d0                PROVIDE (__preinit_array_start, .)
 *(.preinit_array*)
                0x080049d0                PROVIDE (__preinit_array_end, .)

.init_array     0x080049d0        0x4
                0x080049d0                PROVIDE (__init_array_start, .)
 *(SORT(.init_array.*))
 *(.init_array*)
 .init_array    0x080049d0        0x4 c:/ac6/systemworkbench/plugins/fr.ac6.mcu.externaltools.arm-none.win32_1.13.1.201701261202/tools/compiler/bin/../lib/gcc/arm-none-eabi/5.4.1/armv7e-m/fpu/crtbegin.o
                0x080049d4                PROVIDE (__init_array_end, .)

.fini_array     0x080049d4        0x4
                [!provide]                PROVIDE (__fini_array_start, .)
 *(SORT(.fini_array.*))
 *(.fini_array*)
 .fini_array    0x080049d4        0x4 c:/ac6/systemworkbench/plugins/fr.ac6.mcu.externaltools.arm-none.win32_1.13.1.201701261202/tools/compiler/bin/../lib/gcc/arm-none-eabi/5.4.1/armv7e-m/fpu/crtbegin.o
                [!provide]                PROVIDE (__fini_array_end, .)
                0x080049d8                _sidata = LOADADDR (.data)

.data           0x20000000      0x1d4 load address 0x080049d8
                0x20000000                . = ALIGN (0x4)
                0x20000000                _sdata = .
 *(.data)
 .data          0x20000000        0x4 Drivers/CMSIS/system_stm32f4xx.o
                0x20000000                SystemCoreClock
 *(.data*)
 .data.impure_data
                0x20000004       0x60 c:/ac6/systemworkbench/plugins/fr.ac6.mcu.externaltools.arm-none.win32_1.13.1.201701261202/tools/compiler/bin/../lib/gcc/arm-none-eabi/5.4.1/../../../../arm-none-eabi/lib/armv7e-m/fpu\libc_nano.a(lib_a-impure.o)
 .data._impure_ptr
                0x20000064        0x4 c:/ac6/systemworkbench/plugins/fr.ac6.mcu.externaltools.arm-none.win32_1.13.1.201701261202/tools/compiler/bin/../lib/gcc/arm-none-eabi/5.4.1/../../../../arm-none-eabi/lib/armv7e-m/fpu\libc_nano.a(lib_a-impure.o)
                0x20000064                _impure_ptr
 .data.__global_locale
                0x20000068      0x16c c:/ac6/systemworkbench/plugins/fr.ac6.mcu.externaltools.arm-none.win32_1.13.1.201701261202/tools/compiler/bin/../lib/gcc/arm-none-eabi/5.4.1/../../../../arm-none-eabi/lib/armv7e-m/fpu\libc_nano.a(lib_a-locale.o)
                0x20000068                __global_locale
                0x200001d4                . = ALIGN (0x4)
                0x200001d4                _edata = .
                0x08004bac                _siccmram = LOADADDR (.ccmram)

.jcr            0x200001d4        0x0 load address 0x08004bac
 .jcr           0x200001d4        0x0 c:/ac6/systemworkbench/plugins/fr.ac6.mcu.externaltools.arm-none.win32_1.13.1.201701261202/tools/compiler/bin/../lib/gcc/arm-none-eabi/5.4.1/armv7e-m/fpu/crtbegin.o

.igot.plt       0x200001d4        0x0 load address 0x08004bac
 .igot.plt      0x200001d4        0x0 c:/ac6/systemworkbench/plugins/fr.ac6.mcu.externaltools.arm-none.win32_1.13.1.201701261202/tools/compiler/bin/../lib/gcc/arm-none-eabi/5.4.1/armv7e-m/fpu/crtbegin.o

.ccmram         0x10000000        0x0 load address 0x08004bac
                0x10000000                . = ALIGN (0x4)
                0x10000000                _sccmram = .
 *(.ccmram)
 *(.ccmram*)
                0x10000000                . = ALIGN (0x4)
                0x10000000                _eccmram = .
                0x10000000                . = ALIGN (0x4)

.bss            0x200001d4      0x140
                0x200001d4                _sbss = .
                0x200001d4                __bss_start__ = _sbss
 *(.bss)
 .bss           0x200001d4       0x1c c:/ac6/systemworkbench/plugins/fr.ac6.mcu.externaltools.arm-none.win32_1.13.1.201701261202/tools/compiler/bin/../lib/gcc/arm-none-eabi/5.4.1/armv7e-m/fpu/crtbegin.o
 .bss           0x200001f0        0x2 Application/User/main.o
                0x200001f0                offset
 *(.bss*)
 *fill*         0x200001f2        0x2 
 .bss.__malloc_sbrk_start
                0x200001f4        0x4 c:/ac6/systemworkbench/plugins/fr.ac6.mcu.externaltools.arm-none.win32_1.13.1.201701261202/tools/compiler/bin/../lib/gcc/arm-none-eabi/5.4.1/../../../../arm-none-eabi/lib/armv7e-m/fpu\libc_nano.a(lib_a-nano-mallocr.o)
                0x200001f4                __malloc_sbrk_start
 .bss.__malloc_free_list
                0x200001f8        0x4 c:/ac6/systemworkbench/plugins/fr.ac6.mcu.externaltools.arm-none.win32_1.13.1.201701261202/tools/compiler/bin/../lib/gcc/arm-none-eabi/5.4.1/../../../../arm-none-eabi/lib/armv7e-m/fpu\libc_nano.a(lib_a-nano-mallocr.o)
                0x200001f8                __malloc_free_list
 .bss.heap_end.4169
                0x200001fc        0x4 c:/ac6/systemworkbench/plugins/fr.ac6.mcu.externaltools.arm-none.win32_1.13.1.201701261202/tools/compiler/bin/../lib/gcc/arm-none-eabi/5.4.1/../../../../arm-none-eabi/lib/armv7e-m/fpu\libnosys.a(sbrk.o)
 *(COMMON)
 COMMON         0x20000200      0x10c Application/User/main.o
                0x20000200                address
                0x20000204                huart5
                0x20000244                GyroRawData
                0x20000248                GyroData
                0x2000024c                hspi1
                0x200002a4                omega
                0x200002a8                TxBuff
 COMMON         0x2000030c        0x4 Drivers/STM32F4xx_HAL_Driver/stm32f4xx_hal.o
                0x2000030c                uwTick
 COMMON         0x20000310        0x4 c:/ac6/systemworkbench/plugins/fr.ac6.mcu.externaltools.arm-none.win32_1.13.1.201701261202/tools/compiler/bin/../lib/gcc/arm-none-eabi/5.4.1/../../../../arm-none-eabi/lib/armv7e-m/fpu\libc_nano.a(lib_a-reent.o)
                0x20000310                errno
                0x20000314                . = ALIGN (0x4)
                0x20000314                _ebss = .
                0x20000314                __bss_end__ = _ebss

._user_heap_stack
                0x20000314      0x604
                0x20000318                . = ALIGN (0x8)
 *fill*         0x20000314        0x4 
                0x20000318                PROVIDE (end, .)
                [!provide]                PROVIDE (_end, .)
                0x20000518                . = (. + _Min_Heap_Size)
 *fill*         0x20000318      0x200 
                0x20000918                . = (. + _Min_Stack_Size)
 *fill*         0x20000518      0x400 
                0x20000918                . = ALIGN (0x8)

/DISCARD/
 libc.a(*)
 libm.a(*)
 libgcc.a(*)

.ARM.attributes
                0x00000000       0x30
 *(.ARM.attributes)
 .ARM.attributes
                0x00000000       0x22 c:/ac6/systemworkbench/plugins/fr.ac6.mcu.externaltools.arm-none.win32_1.13.1.201701261202/tools/compiler/bin/../lib/gcc/arm-none-eabi/5.4.1/armv7e-m/fpu/crti.o
 .ARM.attributes
                0x00000022       0x34 c:/ac6/systemworkbench/plugins/fr.ac6.mcu.externaltools.arm-none.win32_1.13.1.201701261202/tools/compiler/bin/../lib/gcc/arm-none-eabi/5.4.1/armv7e-m/fpu/crtbegin.o
 .ARM.attributes
                0x00000056       0x21 Application/SW4STM32/startup_stm32f405xx.o
 .ARM.attributes
                0x00000077       0x39 Application/User/main.o
 .ARM.attributes
                0x000000b0       0x39 Application/User/stm32f4xx_hal_msp.o
 .ARM.attributes
                0x000000e9       0x39 Application/User/stm32f4xx_it.o
 .ARM.attributes
                0x00000122       0x39 Drivers/CMSIS/system_stm32f4xx.o
 .ARM.attributes
                0x0000015b       0x39 Drivers/STM32F4xx_HAL_Driver/stm32f4xx_hal.o
 .ARM.attributes
                0x00000194       0x39 Drivers/STM32F4xx_HAL_Driver/stm32f4xx_hal_cortex.o
 .ARM.attributes
                0x000001cd       0x39 Drivers/STM32F4xx_HAL_Driver/stm32f4xx_hal_gpio.o
 .ARM.attributes
                0x00000206       0x39 Drivers/STM32F4xx_HAL_Driver/stm32f4xx_hal_rcc.o
 .ARM.attributes
                0x0000023f       0x39 Drivers/STM32F4xx_HAL_Driver/stm32f4xx_hal_spi.o
 .ARM.attributes
                0x00000278       0x39 Drivers/STM32F4xx_HAL_Driver/stm32f4xx_hal_uart.o
 .ARM.attributes
                0x000002b1       0x22 c:/ac6/systemworkbench/plugins/fr.ac6.mcu.externaltools.arm-none.win32_1.13.1.201701261202/tools/compiler/bin/../lib/gcc/arm-none-eabi/5.4.1/armv7e-m/fpu\libgcc.a(_arm_addsubdf3.o)
 .ARM.attributes
                0x000002d3       0x34 c:/ac6/systemworkbench/plugins/fr.ac6.mcu.externaltools.arm-none.win32_1.13.1.201701261202/tools/compiler/bin/../lib/gcc/arm-none-eabi/5.4.1/../../../../arm-none-eabi/lib/armv7e-m/fpu\libc_nano.a(lib_a-impure.o)
 .ARM.attributes
                0x00000307       0x34 c:/ac6/systemworkbench/plugins/fr.ac6.mcu.externaltools.arm-none.win32_1.13.1.201701261202/tools/compiler/bin/../lib/gcc/arm-none-eabi/5.4.1/../../../../arm-none-eabi/lib/armv7e-m/fpu\libc_nano.a(lib_a-init.o)
 .ARM.attributes
                0x0000033b       0x34 c:/ac6/systemworkbench/plugins/fr.ac6.mcu.externaltools.arm-none.win32_1.13.1.201701261202/tools/compiler/bin/../lib/gcc/arm-none-eabi/5.4.1/../../../../arm-none-eabi/lib/armv7e-m/fpu\libc_nano.a(lib_a-memset.o)
 .ARM.attributes
                0x0000036f       0x34 c:/ac6/systemworkbench/plugins/fr.ac6.mcu.externaltools.arm-none.win32_1.13.1.201701261202/tools/compiler/bin/../lib/gcc/arm-none-eabi/5.4.1/../../../../arm-none-eabi/lib/armv7e-m/fpu\libc_nano.a(lib_a-nano-vfprintf_float.o)
 .ARM.attributes
                0x000003a3       0x34 c:/ac6/systemworkbench/plugins/fr.ac6.mcu.externaltools.arm-none.win32_1.13.1.201701261202/tools/compiler/bin/../lib/gcc/arm-none-eabi/5.4.1/../../../../arm-none-eabi/lib/armv7e-m/fpu\libc_nano.a(lib_a-nano-vfprintf_i.o)
 .ARM.attributes
                0x000003d7       0x34 c:/ac6/systemworkbench/plugins/fr.ac6.mcu.externaltools.arm-none.win32_1.13.1.201701261202/tools/compiler/bin/../lib/gcc/arm-none-eabi/5.4.1/../../../../arm-none-eabi/lib/armv7e-m/fpu\libc_nano.a(lib_a-sprintf.o)
 .ARM.attributes
                0x0000040b       0x1b c:/ac6/systemworkbench/plugins/fr.ac6.mcu.externaltools.arm-none.win32_1.13.1.201701261202/tools/compiler/bin/../lib/gcc/arm-none-eabi/5.4.1/../../../../arm-none-eabi/lib/armv7e-m/fpu\libc_nano.a(lib_a-strlen.o)
 .ARM.attributes
                0x00000426       0x34 c:/ac6/systemworkbench/plugins/fr.ac6.mcu.externaltools.arm-none.win32_1.13.1.201701261202/tools/compiler/bin/../lib/gcc/arm-none-eabi/5.4.1/../../../../arm-none-eabi/lib/armv7e-m/fpu\libc_nano.a(lib_a-dtoa.o)
 .ARM.attributes
                0x0000045a       0x34 c:/ac6/systemworkbench/plugins/fr.ac6.mcu.externaltools.arm-none.win32_1.13.1.201701261202/tools/compiler/bin/../lib/gcc/arm-none-eabi/5.4.1/../../../../arm-none-eabi/lib/armv7e-m/fpu\libc_nano.a(lib_a-localeconv.o)
 .ARM.attributes
                0x0000048e       0x34 c:/ac6/systemworkbench/plugins/fr.ac6.mcu.externaltools.arm-none.win32_1.13.1.201701261202/tools/compiler/bin/../lib/gcc/arm-none-eabi/5.4.1/../../../../arm-none-eabi/lib/armv7e-m/fpu\libc_nano.a(lib_a-malloc.o)
 .ARM.attributes
                0x000004c2       0x20 c:/ac6/systemworkbench/plugins/fr.ac6.mcu.externaltools.arm-none.win32_1.13.1.201701261202/tools/compiler/bin/../lib/gcc/arm-none-eabi/5.4.1/../../../../arm-none-eabi/lib/armv7e-m/fpu\libc_nano.a(lib_a-memchr.o)
 .ARM.attributes
                0x000004e2       0x34 c:/ac6/systemworkbench/plugins/fr.ac6.mcu.externaltools.arm-none.win32_1.13.1.201701261202/tools/compiler/bin/../lib/gcc/arm-none-eabi/5.4.1/../../../../arm-none-eabi/lib/armv7e-m/fpu\libc_nano.a(lib_a-memcpy-stub.o)
 .ARM.attributes
                0x00000516       0x34 c:/ac6/systemworkbench/plugins/fr.ac6.mcu.externaltools.arm-none.win32_1.13.1.201701261202/tools/compiler/bin/../lib/gcc/arm-none-eabi/5.4.1/../../../../arm-none-eabi/lib/armv7e-m/fpu\libc_nano.a(lib_a-mprec.o)
 .ARM.attributes
                0x0000054a       0x34 c:/ac6/systemworkbench/plugins/fr.ac6.mcu.externaltools.arm-none.win32_1.13.1.201701261202/tools/compiler/bin/../lib/gcc/arm-none-eabi/5.4.1/../../../../arm-none-eabi/lib/armv7e-m/fpu\libc_nano.a(lib_a-nano-callocr.o)
 .ARM.attributes
                0x0000057e       0x34 c:/ac6/systemworkbench/plugins/fr.ac6.mcu.externaltools.arm-none.win32_1.13.1.201701261202/tools/compiler/bin/../lib/gcc/arm-none-eabi/5.4.1/../../../../arm-none-eabi/lib/armv7e-m/fpu\libc_nano.a(lib_a-nano-freer.o)
 .ARM.attributes
                0x000005b2       0x34 c:/ac6/systemworkbench/plugins/fr.ac6.mcu.externaltools.arm-none.win32_1.13.1.201701261202/tools/compiler/bin/../lib/gcc/arm-none-eabi/5.4.1/../../../../arm-none-eabi/lib/armv7e-m/fpu\libc_nano.a(lib_a-nano-mallocr.o)
 .ARM.attributes
                0x000005e6       0x34 c:/ac6/systemworkbench/plugins/fr.ac6.mcu.externaltools.arm-none.win32_1.13.1.201701261202/tools/compiler/bin/../lib/gcc/arm-none-eabi/5.4.1/../../../../arm-none-eabi/lib/armv7e-m/fpu\libc_nano.a(lib_a-nano-svfprintf.o)
 .ARM.attributes
                0x0000061a       0x34 c:/ac6/systemworkbench/plugins/fr.ac6.mcu.externaltools.arm-none.win32_1.13.1.201701261202/tools/compiler/bin/../lib/gcc/arm-none-eabi/5.4.1/../../../../arm-none-eabi/lib/armv7e-m/fpu\libc_nano.a(lib_a-sbrkr.o)
 .ARM.attributes
                0x0000064e       0x34 c:/ac6/systemworkbench/plugins/fr.ac6.mcu.externaltools.arm-none.win32_1.13.1.201701261202/tools/compiler/bin/../lib/gcc/arm-none-eabi/5.4.1/../../../../arm-none-eabi/lib/armv7e-m/fpu\libc_nano.a(lib_a-locale.o)
 .ARM.attributes
                0x00000682       0x34 c:/ac6/systemworkbench/plugins/fr.ac6.mcu.externaltools.arm-none.win32_1.13.1.201701261202/tools/compiler/bin/../lib/gcc/arm-none-eabi/5.4.1/../../../../arm-none-eabi/lib/armv7e-m/fpu\libc_nano.a(lib_a-mbtowc_r.o)
 .ARM.attributes
                0x000006b6       0x34 c:/ac6/systemworkbench/plugins/fr.ac6.mcu.externaltools.arm-none.win32_1.13.1.201701261202/tools/compiler/bin/../lib/gcc/arm-none-eabi/5.4.1/../../../../arm-none-eabi/lib/armv7e-m/fpu\libc_nano.a(lib_a-memmove.o)
 .ARM.attributes
                0x000006ea       0x34 c:/ac6/systemworkbench/plugins/fr.ac6.mcu.externaltools.arm-none.win32_1.13.1.201701261202/tools/compiler/bin/../lib/gcc/arm-none-eabi/5.4.1/../../../../arm-none-eabi/lib/armv7e-m/fpu\libc_nano.a(lib_a-mlock.o)
 .ARM.attributes
                0x0000071e       0x34 c:/ac6/systemworkbench/plugins/fr.ac6.mcu.externaltools.arm-none.win32_1.13.1.201701261202/tools/compiler/bin/../lib/gcc/arm-none-eabi/5.4.1/../../../../arm-none-eabi/lib/armv7e-m/fpu\libc_nano.a(lib_a-nano-reallocr.o)
 .ARM.attributes
                0x00000752       0x34 c:/ac6/systemworkbench/plugins/fr.ac6.mcu.externaltools.arm-none.win32_1.13.1.201701261202/tools/compiler/bin/../lib/gcc/arm-none-eabi/5.4.1/../../../../arm-none-eabi/lib/armv7e-m/fpu\libc_nano.a(lib_a-reent.o)
 .ARM.attributes
                0x00000786       0x34 c:/ac6/systemworkbench/plugins/fr.ac6.mcu.externaltools.arm-none.win32_1.13.1.201701261202/tools/compiler/bin/../lib/gcc/arm-none-eabi/5.4.1/../../../../arm-none-eabi/lib/armv7e-m/fpu\libc_nano.a(lib_a-wctomb_r.o)
 .ARM.attributes
                0x000007ba       0x34 c:/ac6/systemworkbench/plugins/fr.ac6.mcu.externaltools.arm-none.win32_1.13.1.201701261202/tools/compiler/bin/../lib/gcc/arm-none-eabi/5.4.1/../../../../arm-none-eabi/lib/armv7e-m/fpu\libc_nano.a(lib_a-ctype_.o)
 .ARM.attributes
                0x000007ee       0x34 c:/ac6/systemworkbench/plugins/fr.ac6.mcu.externaltools.arm-none.win32_1.13.1.201701261202/tools/compiler/bin/../lib/gcc/arm-none-eabi/5.4.1/../../../../arm-none-eabi/lib/armv7e-m/fpu\libc_nano.a(lib_a-nano-msizer.o)
 .ARM.attributes
                0x00000822       0x22 c:/ac6/systemworkbench/plugins/fr.ac6.mcu.externaltools.arm-none.win32_1.13.1.201701261202/tools/compiler/bin/../lib/gcc/arm-none-eabi/5.4.1/armv7e-m/fpu\libgcc.a(_arm_muldivdf3.o)
 .ARM.attributes
                0x00000844       0x22 c:/ac6/systemworkbench/plugins/fr.ac6.mcu.externaltools.arm-none.win32_1.13.1.201701261202/tools/compiler/bin/../lib/gcc/arm-none-eabi/5.4.1/armv7e-m/fpu\libgcc.a(_arm_cmpdf2.o)
 .ARM.attributes
                0x00000866       0x22 c:/ac6/systemworkbench/plugins/fr.ac6.mcu.externaltools.arm-none.win32_1.13.1.201701261202/tools/compiler/bin/../lib/gcc/arm-none-eabi/5.4.1/armv7e-m/fpu\libgcc.a(_arm_unorddf2.o)
 .ARM.attributes
                0x00000888       0x22 c:/ac6/systemworkbench/plugins/fr.ac6.mcu.externaltools.arm-none.win32_1.13.1.201701261202/tools/compiler/bin/../lib/gcc/arm-none-eabi/5.4.1/armv7e-m/fpu\libgcc.a(_arm_fixdfsi.o)
 .ARM.attributes
                0x000008aa       0x34 c:/ac6/systemworkbench/plugins/fr.ac6.mcu.externaltools.arm-none.win32_1.13.1.201701261202/tools/compiler/bin/../lib/gcc/arm-none-eabi/5.4.1/../../../../arm-none-eabi/lib/armv7e-m/fpu\libnosys.a(sbrk.o)
 .ARM.attributes
                0x000008de       0x22 c:/ac6/systemworkbench/plugins/fr.ac6.mcu.externaltools.arm-none.win32_1.13.1.201701261202/tools/compiler/bin/../lib/gcc/arm-none-eabi/5.4.1/armv7e-m/fpu/crtn.o
OUTPUT(ReadGyro.elf elf32-littlearm)

.debug_line     0x00000000     0x6a55
 .debug_line    0x00000000       0xa8 Application/SW4STM32/startup_stm32f405xx.o
 .debug_line    0x000000a8      0x8bc Application/User/main.o
 .debug_line    0x00000964      0x81c Application/User/stm32f4xx_hal_msp.o
 .debug_line    0x00001180      0x83f Application/User/stm32f4xx_it.o
 .debug_line    0x000019bf      0x7da Drivers/CMSIS/system_stm32f4xx.o
 .debug_line    0x00002199      0x961 Drivers/STM32F4xx_HAL_Driver/stm32f4xx_hal.o
 .debug_line    0x00002afa      0x9be Drivers/STM32F4xx_HAL_Driver/stm32f4xx_hal_cortex.o
 .debug_line    0x000034b8      0x938 Drivers/STM32F4xx_HAL_Driver/stm32f4xx_hal_gpio.o
 .debug_line    0x00003df0      0xade Drivers/STM32F4xx_HAL_Driver/stm32f4xx_hal_rcc.o
 .debug_line    0x000048ce     0x112c Drivers/STM32F4xx_HAL_Driver/stm32f4xx_hal_spi.o
 .debug_line    0x000059fa     0x105b Drivers/STM32F4xx_HAL_Driver/stm32f4xx_hal_uart.o

.debug_info     0x00000000     0x868b
 .debug_info    0x00000000       0xb1 Application/SW4STM32/startup_stm32f405xx.o
 .debug_info    0x000000b1     0x13c0 Application/User/main.o
 .debug_info    0x00001471      0xee9 Application/User/stm32f4xx_hal_msp.o
 .debug_info    0x0000235a      0x173 Application/User/stm32f4xx_it.o
 .debug_info    0x000024cd      0x500 Drivers/CMSIS/system_stm32f4xx.o
 .debug_info    0x000029cd      0x916 Drivers/STM32F4xx_HAL_Driver/stm32f4xx_hal.o
 .debug_info    0x000032e3      0xefb Drivers/STM32F4xx_HAL_Driver/stm32f4xx_hal_cortex.o
 .debug_info    0x000041de      0x72a Drivers/STM32F4xx_HAL_Driver/stm32f4xx_hal_gpio.o
 .debug_info    0x00004908      0xce5 Drivers/STM32F4xx_HAL_Driver/stm32f4xx_hal_rcc.o
 .debug_info    0x000055ed     0x19ea Drivers/STM32F4xx_HAL_Driver/stm32f4xx_hal_spi.o
 .debug_info    0x00006fd7     0x16b4 Drivers/STM32F4xx_HAL_Driver/stm32f4xx_hal_uart.o

.debug_abbrev   0x00000000     0x142f
 .debug_abbrev  0x00000000       0x12 Application/SW4STM32/startup_stm32f405xx.o
 .debug_abbrev  0x00000012      0x22a Application/User/main.o
 .debug_abbrev  0x0000023c      0x1a0 Application/User/stm32f4xx_hal_msp.o
 .debug_abbrev  0x000003dc       0xcc Application/User/stm32f4xx_it.o
 .debug_abbrev  0x000004a8      0x104 Drivers/CMSIS/system_stm32f4xx.o
 .debug_abbrev  0x000005ac      0x25c Drivers/STM32F4xx_HAL_Driver/stm32f4xx_hal.o
 .debug_abbrev  0x00000808      0x2fe Drivers/STM32F4xx_HAL_Driver/stm32f4xx_hal_cortex.o
 .debug_abbrev  0x00000b06      0x1cd Drivers/STM32F4xx_HAL_Driver/stm32f4xx_hal_gpio.o
 .debug_abbrev  0x00000cd3      0x2b0 Drivers/STM32F4xx_HAL_Driver/stm32f4xx_hal_rcc.o
 .debug_abbrev  0x00000f83      0x23d Drivers/STM32F4xx_HAL_Driver/stm32f4xx_hal_spi.o
 .debug_abbrev  0x000011c0      0x26f Drivers/STM32F4xx_HAL_Driver/stm32f4xx_hal_uart.o

.debug_aranges  0x00000000      0x720
 .debug_aranges
                0x00000000       0x28 Application/SW4STM32/startup_stm32f405xx.o
 .debug_aranges
                0x00000028       0x48 Application/User/main.o
 .debug_aranges
                0x00000070       0x40 Application/User/stm32f4xx_hal_msp.o
 .debug_aranges
                0x000000b0       0x60 Application/User/stm32f4xx_it.o
 .debug_aranges
                0x00000110       0x28 Drivers/CMSIS/system_stm32f4xx.o
 .debug_aranges
                0x00000138       0xc8 Drivers/STM32F4xx_HAL_Driver/stm32f4xx_hal.o
 .debug_aranges
                0x00000200       0xa8 Drivers/STM32F4xx_HAL_Driver/stm32f4xx_hal_cortex.o
 .debug_aranges
                0x000002a8       0x58 Drivers/STM32F4xx_HAL_Driver/stm32f4xx_hal_gpio.o
 .debug_aranges
                0x00000300       0x88 Drivers/STM32F4xx_HAL_Driver/stm32f4xx_hal_rcc.o
 .debug_aranges
                0x00000388      0x1c8 Drivers/STM32F4xx_HAL_Driver/stm32f4xx_hal_spi.o
 .debug_aranges
                0x00000550      0x1d0 Drivers/STM32F4xx_HAL_Driver/stm32f4xx_hal_uart.o

.debug_ranges   0x00000000      0x678
 .debug_ranges  0x00000000       0x20 Application/SW4STM32/startup_stm32f405xx.o
 .debug_ranges  0x00000020       0x38 Application/User/main.o
 .debug_ranges  0x00000058       0x30 Application/User/stm32f4xx_hal_msp.o
 .debug_ranges  0x00000088       0x50 Application/User/stm32f4xx_it.o
 .debug_ranges  0x000000d8       0x18 Drivers/CMSIS/system_stm32f4xx.o
 .debug_ranges  0x000000f0       0xb8 Drivers/STM32F4xx_HAL_Driver/stm32f4xx_hal.o
 .debug_ranges  0x000001a8       0x98 Drivers/STM32F4xx_HAL_Driver/stm32f4xx_hal_cortex.o
 .debug_ranges  0x00000240       0x48 Drivers/STM32F4xx_HAL_Driver/stm32f4xx_hal_gpio.o
 .debug_ranges  0x00000288       0x78 Drivers/STM32F4xx_HAL_Driver/stm32f4xx_hal_rcc.o
 .debug_ranges  0x00000300      0x1b8 Drivers/STM32F4xx_HAL_Driver/stm32f4xx_hal_spi.o
 .debug_ranges  0x000004b8      0x1c0 Drivers/STM32F4xx_HAL_Driver/stm32f4xx_hal_uart.o

.debug_loc      0x00000000     0x3c97
 .debug_loc     0x00000000       0x1f Application/User/main.o
 .debug_loc     0x0000001f       0x9a Application/User/stm32f4xx_hal_msp.o
 .debug_loc     0x000000b9      0x132 Drivers/CMSIS/system_stm32f4xx.o
 .debug_loc     0x000001eb       0x91 Drivers/STM32F4xx_HAL_Driver/stm32f4xx_hal.o
 .debug_loc     0x0000027c      0x548 Drivers/STM32F4xx_HAL_Driver/stm32f4xx_hal_cortex.o
 .debug_loc     0x000007c4      0x38f Drivers/STM32F4xx_HAL_Driver/stm32f4xx_hal_gpio.o
 .debug_loc     0x00000b53      0x622 Drivers/STM32F4xx_HAL_Driver/stm32f4xx_hal_rcc.o
 .debug_loc     0x00001175     0x17a8 Drivers/STM32F4xx_HAL_Driver/stm32f4xx_hal_spi.o
 .debug_loc     0x0000291d     0x137a Drivers/STM32F4xx_HAL_Driver/stm32f4xx_hal_uart.o

.debug_macro    0x00000000    0x1e5cb
 .debug_macro   0x00000000      0x303 Application/User/main.o
 .debug_macro   0x00000303      0x898 Application/User/main.o
 .debug_macro   0x00000b9b       0x16 Application/User/main.o
 .debug_macro   0x00000bb1      0x180 Application/User/main.o
 .debug_macro   0x00000d31       0x33 Application/User/main.o
 .debug_macro   0x00000d64       0x28 Application/User/main.o
 .debug_macro   0x00000d8c       0x22 Application/User/main.o
 .debug_macro   0x00000dae       0x87 Application/User/main.o
 .debug_macro   0x00000e35       0x44 Application/User/main.o
 .debug_macro   0x00000e79       0xfd Application/User/main.o
 .debug_macro   0x00000f76       0x5e Application/User/main.o
 .debug_macro   0x00000fd4      0x1df Application/User/main.o
 .debug_macro   0x000011b3       0x35 Application/User/main.o
 .debug_macro   0x000011e8       0x50 Application/User/main.o
 .debug_macro   0x00001238      0xe66 Application/User/main.o
 .debug_macro   0x0000209e    0x14219 Application/User/main.o
 .debug_macro   0x000162b7       0x43 Application/User/main.o
 .debug_macro   0x000162fa     0x3574 Application/User/main.o
 .debug_macro   0x0001986e       0x52 Application/User/main.o
 .debug_macro   0x000198c0       0x35 Application/User/main.o
 .debug_macro   0x000198f5       0x9c Application/User/main.o
 .debug_macro   0x00019991       0x16 Application/User/main.o
 .debug_macro   0x000199a7       0x97 Application/User/main.o
 .debug_macro   0x00019a3e      0x30d Application/User/main.o
 .debug_macro   0x00019d4b       0xfd Application/User/main.o
 .debug_macro   0x00019e48       0x10 Application/User/main.o
 .debug_macro   0x00019e58       0x52 Application/User/main.o
 .debug_macro   0x00019eaa       0x1f Application/User/main.o
 .debug_macro   0x00019ec9       0x43 Application/User/main.o
 .debug_macro   0x00019f0c       0x20 Application/User/main.o
 .debug_macro   0x00019f2c      0x187 Application/User/main.o
 .debug_macro   0x0001a0b3       0x10 Application/User/main.o
 .debug_macro   0x0001a0c3       0x1c Application/User/main.o
 .debug_macro   0x0001a0df       0x52 Application/User/main.o
 .debug_macro   0x0001a131       0x40 Application/User/main.o
 .debug_macro   0x0001a171       0x10 Application/User/main.o
 .debug_macro   0x0001a181       0x40 Application/User/main.o
 .debug_macro   0x0001a1c1       0xd7 Application/User/main.o
 .debug_macro   0x0001a298       0x16 Application/User/main.o
 .debug_macro   0x0001a2ae      0x18b Application/User/main.o
 .debug_macro   0x0001a439       0x50 Application/User/main.o
 .debug_macro   0x0001a489      0x8a7 Application/User/main.o
 .debug_macro   0x0001ad30      0x9e1 Application/User/main.o
 .debug_macro   0x0001b711      0x11e Application/User/main.o
 .debug_macro   0x0001b82f      0x130 Application/User/main.o
 .debug_macro   0x0001b95f       0x27 Application/User/main.o
 .debug_macro   0x0001b986      0x287 Application/User/main.o
 .debug_macro   0x0001bc0d       0x5f Application/User/main.o
 .debug_macro   0x0001bc6c      0x23a Application/User/main.o
 .debug_macro   0x0001bea6      0x133 Application/User/main.o
 .debug_macro   0x0001bfd9      0x21e Application/User/main.o
 .debug_macro   0x0001c1f7       0x2e Application/User/main.o
 .debug_macro   0x0001c225      0x11e Application/User/main.o
 .debug_macro   0x0001c343       0x7f Application/User/main.o
 .debug_macro   0x0001c3c2       0x89 Application/User/main.o
 .debug_macro   0x0001c44b      0x202 Application/User/main.o
 .debug_macro   0x0001c64d      0x287 Application/User/main.o
 .debug_macro   0x0001c8d4      0x125 Application/User/main.o
 .debug_macro   0x0001c9f9      0x2ff Application/User/stm32f4xx_hal_msp.o
 .debug_macro   0x0001ccf8      0x309 Application/User/stm32f4xx_it.o
 .debug_macro   0x0001d001      0x305 Drivers/CMSIS/system_stm32f4xx.o
 .debug_macro   0x0001d306      0x35f Drivers/STM32F4xx_HAL_Driver/stm32f4xx_hal.o
 .debug_macro   0x0001d665      0x2ff Drivers/STM32F4xx_HAL_Driver/stm32f4xx_hal_cortex.o
 .debug_macro   0x0001d964      0x337 Drivers/STM32F4xx_HAL_Driver/stm32f4xx_hal_gpio.o
 .debug_macro   0x0001dc9b      0x329 Drivers/STM32F4xx_HAL_Driver/stm32f4xx_hal_rcc.o
 .debug_macro   0x0001dfc4      0x307 Drivers/STM32F4xx_HAL_Driver/stm32f4xx_hal_spi.o
 .debug_macro   0x0001e2cb      0x300 Drivers/STM32F4xx_HAL_Driver/stm32f4xx_hal_uart.o

.debug_str      0x00000000    0xb27dc
 .debug_str     0x00000000    0xb0d9f Application/User/main.o
                              0xb10c1 (size before relaxing)
 .debug_str     0x000b0d9f       0xcd Application/User/stm32f4xx_hal_msp.o
                              0xb0e6d (size before relaxing)
 .debug_str     0x000b0e6c      0x103 Application/User/stm32f4xx_it.o
                              0xb02ac (size before relaxing)
 .debug_str     0x000b0f6f      0x113 Drivers/CMSIS/system_stm32f4xx.o
                              0xb03de (size before relaxing)
 .debug_str     0x000b1082      0x570 Drivers/STM32F4xx_HAL_Driver/stm32f4xx_hal.o
                              0xb0e7f (size before relaxing)
 .debug_str     0x000b15f2      0x36b Drivers/STM32F4xx_HAL_Driver/stm32f4xx_hal_cortex.o
                              0xb0c47 (size before relaxing)
 .debug_str     0x000b195d      0x204 Drivers/STM32F4xx_HAL_Driver/stm32f4xx_hal_gpio.o
                              0xb05f6 (size before relaxing)
 .debug_str     0x000b1b61      0x238 Drivers/STM32F4xx_HAL_Driver/stm32f4xx_hal_rcc.o
                              0xb07f3 (size before relaxing)
 .debug_str     0x000b1d99      0x528 Drivers/STM32F4xx_HAL_Driver/stm32f4xx_hal_spi.o
                              0xb0bec (size before relaxing)
 .debug_str     0x000b22c1      0x51b Drivers/STM32F4xx_HAL_Driver/stm32f4xx_hal_uart.o
                              0xb0c3b (size before relaxing)

.comment        0x00000000       0x6e
 .comment       0x00000000       0x6e Application/User/main.o
                                 0x6f (size before relaxing)
 .comment       0x0000006e       0x6f Application/User/stm32f4xx_hal_msp.o
 .comment       0x0000006e       0x6f Application/User/stm32f4xx_it.o
 .comment       0x0000006e       0x6f Drivers/CMSIS/system_stm32f4xx.o
 .comment       0x0000006e       0x6f Drivers/STM32F4xx_HAL_Driver/stm32f4xx_hal.o
 .comment       0x0000006e       0x6f Drivers/STM32F4xx_HAL_Driver/stm32f4xx_hal_cortex.o
 .comment       0x0000006e       0x6f Drivers/STM32F4xx_HAL_Driver/stm32f4xx_hal_gpio.o
 .comment       0x0000006e       0x6f Drivers/STM32F4xx_HAL_Driver/stm32f4xx_hal_rcc.o
 .comment       0x0000006e       0x6f Drivers/STM32F4xx_HAL_Driver/stm32f4xx_hal_spi.o
 .comment       0x0000006e       0x6f Drivers/STM32F4xx_HAL_Driver/stm32f4xx_hal_uart.o

.debug_frame    0x00000000     0x19bc
 .debug_frame   0x00000000       0xac Application/User/main.o
 .debug_frame   0x000000ac       0xa4 Application/User/stm32f4xx_hal_msp.o
 .debug_frame   0x00000150       0xa8 Application/User/stm32f4xx_it.o
 .debug_frame   0x000001f8       0x30 Drivers/CMSIS/system_stm32f4xx.o
 .debug_frame   0x00000228      0x198 Drivers/STM32F4xx_HAL_Driver/stm32f4xx_hal.o
 .debug_frame   0x000003c0      0x154 Drivers/STM32F4xx_HAL_Driver/stm32f4xx_hal_cortex.o
 .debug_frame   0x00000514       0xc4 Drivers/STM32F4xx_HAL_Driver/stm32f4xx_hal_gpio.o
 .debug_frame   0x000005d8      0x150 Drivers/STM32F4xx_HAL_Driver/stm32f4xx_hal_rcc.o
 .debug_frame   0x00000728      0x548 Drivers/STM32F4xx_HAL_Driver/stm32f4xx_hal_spi.o
 .debug_frame   0x00000c70      0x4e8 Drivers/STM32F4xx_HAL_Driver/stm32f4xx_hal_uart.o
 .debug_frame   0x00001158       0x2c c:/ac6/systemworkbench/plugins/fr.ac6.mcu.externaltools.arm-none.win32_1.13.1.201701261202/tools/compiler/bin/../lib/gcc/arm-none-eabi/5.4.1/../../../../arm-none-eabi/lib/armv7e-m/fpu\libc_nano.a(lib_a-init.o)
 .debug_frame   0x00001184       0x20 c:/ac6/systemworkbench/plugins/fr.ac6.mcu.externaltools.arm-none.win32_1.13.1.201701261202/tools/compiler/bin/../lib/gcc/arm-none-eabi/5.4.1/../../../../arm-none-eabi/lib/armv7e-m/fpu\libc_nano.a(lib_a-memset.o)
 .debug_frame   0x000011a4       0x88 c:/ac6/systemworkbench/plugins/fr.ac6.mcu.externaltools.arm-none.win32_1.13.1.201701261202/tools/compiler/bin/../lib/gcc/arm-none-eabi/5.4.1/../../../../arm-none-eabi/lib/armv7e-m/fpu\libc_nano.a(lib_a-nano-vfprintf_float.o)
 .debug_frame   0x0000122c       0x60 c:/ac6/systemworkbench/plugins/fr.ac6.mcu.externaltools.arm-none.win32_1.13.1.201701261202/tools/compiler/bin/../lib/gcc/arm-none-eabi/5.4.1/../../../../arm-none-eabi/lib/armv7e-m/fpu\libc_nano.a(lib_a-nano-vfprintf_i.o)
 .debug_frame   0x0000128c       0x70 c:/ac6/systemworkbench/plugins/fr.ac6.mcu.externaltools.arm-none.win32_1.13.1.201701261202/tools/compiler/bin/../lib/gcc/arm-none-eabi/5.4.1/../../../../arm-none-eabi/lib/armv7e-m/fpu\libc_nano.a(lib_a-sprintf.o)
 .debug_frame   0x000012fc       0x6c c:/ac6/systemworkbench/plugins/fr.ac6.mcu.externaltools.arm-none.win32_1.13.1.201701261202/tools/compiler/bin/../lib/gcc/arm-none-eabi/5.4.1/../../../../arm-none-eabi/lib/armv7e-m/fpu\libc_nano.a(lib_a-dtoa.o)
 .debug_frame   0x00001368       0x40 c:/ac6/systemworkbench/plugins/fr.ac6.mcu.externaltools.arm-none.win32_1.13.1.201701261202/tools/compiler/bin/../lib/gcc/arm-none-eabi/5.4.1/../../../../arm-none-eabi/lib/armv7e-m/fpu\libc_nano.a(lib_a-localeconv.o)
 .debug_frame   0x000013a8       0x30 c:/ac6/systemworkbench/plugins/fr.ac6.mcu.externaltools.arm-none.win32_1.13.1.201701261202/tools/compiler/bin/../lib/gcc/arm-none-eabi/5.4.1/../../../../arm-none-eabi/lib/armv7e-m/fpu\libc_nano.a(lib_a-malloc.o)
 .debug_frame   0x000013d8       0x28 c:/ac6/systemworkbench/plugins/fr.ac6.mcu.externaltools.arm-none.win32_1.13.1.201701261202/tools/compiler/bin/../lib/gcc/arm-none-eabi/5.4.1/../../../../arm-none-eabi/lib/armv7e-m/fpu\libc_nano.a(lib_a-memcpy-stub.o)
 .debug_frame   0x00001400      0x238 c:/ac6/systemworkbench/plugins/fr.ac6.mcu.externaltools.arm-none.win32_1.13.1.201701261202/tools/compiler/bin/../lib/gcc/arm-none-eabi/5.4.1/../../../../arm-none-eabi/lib/armv7e-m/fpu\libc_nano.a(lib_a-mprec.o)
 .debug_frame   0x00001638       0x2c c:/ac6/systemworkbench/plugins/fr.ac6.mcu.externaltools.arm-none.win32_1.13.1.201701261202/tools/compiler/bin/../lib/gcc/arm-none-eabi/5.4.1/../../../../arm-none-eabi/lib/armv7e-m/fpu\libc_nano.a(lib_a-nano-callocr.o)
 .debug_frame   0x00001664       0x38 c:/ac6/systemworkbench/plugins/fr.ac6.mcu.externaltools.arm-none.win32_1.13.1.201701261202/tools/compiler/bin/../lib/gcc/arm-none-eabi/5.4.1/../../../../arm-none-eabi/lib/armv7e-m/fpu\libc_nano.a(lib_a-nano-freer.o)
 .debug_frame   0x0000169c       0x2c c:/ac6/systemworkbench/plugins/fr.ac6.mcu.externaltools.arm-none.win32_1.13.1.201701261202/tools/compiler/bin/../lib/gcc/arm-none-eabi/5.4.1/../../../../arm-none-eabi/lib/armv7e-m/fpu\libc_nano.a(lib_a-nano-mallocr.o)
 .debug_frame   0x000016c8       0x90 c:/ac6/systemworkbench/plugins/fr.ac6.mcu.externaltools.arm-none.win32_1.13.1.201701261202/tools/compiler/bin/../lib/gcc/arm-none-eabi/5.4.1/../../../../arm-none-eabi/lib/armv7e-m/fpu\libc_nano.a(lib_a-nano-svfprintf.o)
 .debug_frame   0x00001758       0x2c c:/ac6/systemworkbench/plugins/fr.ac6.mcu.externaltools.arm-none.win32_1.13.1.201701261202/tools/compiler/bin/../lib/gcc/arm-none-eabi/5.4.1/../../../../arm-none-eabi/lib/armv7e-m/fpu\libc_nano.a(lib_a-sbrkr.o)
 .debug_frame   0x00001784       0x88 c:/ac6/systemworkbench/plugins/fr.ac6.mcu.externaltools.arm-none.win32_1.13.1.201701261202/tools/compiler/bin/../lib/gcc/arm-none-eabi/5.4.1/../../../../arm-none-eabi/lib/armv7e-m/fpu\libc_nano.a(lib_a-locale.o)
 .debug_frame   0x0000180c       0x44 c:/ac6/systemworkbench/plugins/fr.ac6.mcu.externaltools.arm-none.win32_1.13.1.201701261202/tools/compiler/bin/../lib/gcc/arm-none-eabi/5.4.1/../../../../arm-none-eabi/lib/armv7e-m/fpu\libc_nano.a(lib_a-mbtowc_r.o)
 .debug_frame   0x00001850       0x28 c:/ac6/systemworkbench/plugins/fr.ac6.mcu.externaltools.arm-none.win32_1.13.1.201701261202/tools/compiler/bin/../lib/gcc/arm-none-eabi/5.4.1/../../../../arm-none-eabi/lib/armv7e-m/fpu\libc_nano.a(lib_a-memmove.o)
 .debug_frame   0x00001878       0x30 c:/ac6/systemworkbench/plugins/fr.ac6.mcu.externaltools.arm-none.win32_1.13.1.201701261202/tools/compiler/bin/../lib/gcc/arm-none-eabi/5.4.1/../../../../arm-none-eabi/lib/armv7e-m/fpu\libc_nano.a(lib_a-mlock.o)
 .debug_frame   0x000018a8       0x3c c:/ac6/systemworkbench/plugins/fr.ac6.mcu.externaltools.arm-none.win32_1.13.1.201701261202/tools/compiler/bin/../lib/gcc/arm-none-eabi/5.4.1/../../../../arm-none-eabi/lib/armv7e-m/fpu\libc_nano.a(lib_a-nano-reallocr.o)
 .debug_frame   0x000018e4       0x5c c:/ac6/systemworkbench/plugins/fr.ac6.mcu.externaltools.arm-none.win32_1.13.1.201701261202/tools/compiler/bin/../lib/gcc/arm-none-eabi/5.4.1/../../../../arm-none-eabi/lib/armv7e-m/fpu\libc_nano.a(lib_a-reent.o)
 .debug_frame   0x00001940       0x3c c:/ac6/systemworkbench/plugins/fr.ac6.mcu.externaltools.arm-none.win32_1.13.1.201701261202/tools/compiler/bin/../lib/gcc/arm-none-eabi/5.4.1/../../../../arm-none-eabi/lib/armv7e-m/fpu\libc_nano.a(lib_a-wctomb_r.o)
 .debug_frame   0x0000197c       0x20 c:/ac6/systemworkbench/plugins/fr.ac6.mcu.externaltools.arm-none.win32_1.13.1.201701261202/tools/compiler/bin/../lib/gcc/arm-none-eabi/5.4.1/../../../../arm-none-eabi/lib/armv7e-m/fpu\libc_nano.a(lib_a-nano-msizer.o)
 .debug_frame   0x0000199c       0x20 c:/ac6/systemworkbench/plugins/fr.ac6.mcu.externaltools.arm-none.win32_1.13.1.201701261202/tools/compiler/bin/../lib/gcc/arm-none-eabi/5.4.1/../../../../arm-none-eabi/lib/armv7e-m/fpu\libnosys.a(sbrk.o)
